Archive member included to satisfy reference by file (symbol)

d:/altera/15.0/nios2eds/bin/gnu/h-x86_64-mingw32/bin/../lib/gcc/nios2-elf/4.9.1/../../../../../H-x86_64-mingw32/nios2-elf/lib\libm.a(lib_a-w_exp.o)
                              obj/default/hello_world.o (exp)
d:/altera/15.0/nios2eds/bin/gnu/h-x86_64-mingw32/bin/../lib/gcc/nios2-elf/4.9.1/../../../../../H-x86_64-mingw32/nios2-elf/lib\libm.a(lib_a-e_exp.o)
                              d:/altera/15.0/nios2eds/bin/gnu/h-x86_64-mingw32/bin/../lib/gcc/nios2-elf/4.9.1/../../../../../H-x86_64-mingw32/nios2-elf/lib\libm.a(lib_a-w_exp.o) (__ieee754_exp)
d:/altera/15.0/nios2eds/bin/gnu/h-x86_64-mingw32/bin/../lib/gcc/nios2-elf/4.9.1/../../../../../H-x86_64-mingw32/nios2-elf/lib\libm.a(lib_a-s_finite.o)
                              d:/altera/15.0/nios2eds/bin/gnu/h-x86_64-mingw32/bin/../lib/gcc/nios2-elf/4.9.1/../../../../../H-x86_64-mingw32/nios2-elf/lib\libm.a(lib_a-w_exp.o) (finite)
d:/altera/15.0/nios2eds/bin/gnu/h-x86_64-mingw32/bin/../lib/gcc/nios2-elf/4.9.1/../../../../../H-x86_64-mingw32/nios2-elf/lib\libm.a(lib_a-s_lib_ver.o)
                              d:/altera/15.0/nios2eds/bin/gnu/h-x86_64-mingw32/bin/../lib/gcc/nios2-elf/4.9.1/../../../../../H-x86_64-mingw32/nios2-elf/lib\libm.a(lib_a-w_exp.o) (__fdlib_version)
d:/altera/15.0/nios2eds/bin/gnu/h-x86_64-mingw32/bin/../lib/gcc/nios2-elf/4.9.1/../../../../../H-x86_64-mingw32/nios2-elf/lib\libm.a(lib_a-s_matherr.o)
                              d:/altera/15.0/nios2eds/bin/gnu/h-x86_64-mingw32/bin/../lib/gcc/nios2-elf/4.9.1/../../../../../H-x86_64-mingw32/nios2-elf/lib\libm.a(lib_a-w_exp.o) (matherr)
d:/altera/15.0/nios2eds/bin/gnu/h-x86_64-mingw32/bin/../lib/gcc/nios2-elf/4.9.1\libgcc.a(lib2-divmod.o)
                              obj/default/hello_world.o (__divsi3)
d:/altera/15.0/nios2eds/bin/gnu/h-x86_64-mingw32/bin/../lib/gcc/nios2-elf/4.9.1\libgcc.a(adddf3.o)
                              obj/default/hello_world.o (__adddf3)
d:/altera/15.0/nios2eds/bin/gnu/h-x86_64-mingw32/bin/../lib/gcc/nios2-elf/4.9.1\libgcc.a(divdf3.o)
                              obj/default/hello_world.o (__divdf3)
d:/altera/15.0/nios2eds/bin/gnu/h-x86_64-mingw32/bin/../lib/gcc/nios2-elf/4.9.1\libgcc.a(gedf2.o)
                              obj/default/hello_world.o (__gtdf2)
d:/altera/15.0/nios2eds/bin/gnu/h-x86_64-mingw32/bin/../lib/gcc/nios2-elf/4.9.1\libgcc.a(ledf2.o)
                              d:/altera/15.0/nios2eds/bin/gnu/h-x86_64-mingw32/bin/../lib/gcc/nios2-elf/4.9.1/../../../../../H-x86_64-mingw32/nios2-elf/lib\libm.a(lib_a-w_exp.o) (__ltdf2)
d:/altera/15.0/nios2eds/bin/gnu/h-x86_64-mingw32/bin/../lib/gcc/nios2-elf/4.9.1\libgcc.a(muldf3.o)
                              obj/default/hello_world.o (__muldf3)
d:/altera/15.0/nios2eds/bin/gnu/h-x86_64-mingw32/bin/../lib/gcc/nios2-elf/4.9.1\libgcc.a(subdf3.o)
                              obj/default/hello_world.o (__subdf3)
d:/altera/15.0/nios2eds/bin/gnu/h-x86_64-mingw32/bin/../lib/gcc/nios2-elf/4.9.1\libgcc.a(fixdfsi.o)
                              obj/default/hello_world.o (__fixdfsi)
d:/altera/15.0/nios2eds/bin/gnu/h-x86_64-mingw32/bin/../lib/gcc/nios2-elf/4.9.1\libgcc.a(floatsidf.o)
                              obj/default/hello_world.o (__floatsidf)
d:/altera/15.0/nios2eds/bin/gnu/h-x86_64-mingw32/bin/../lib/gcc/nios2-elf/4.9.1\libgcc.a(_clzsi2.o)
                              d:/altera/15.0/nios2eds/bin/gnu/h-x86_64-mingw32/bin/../lib/gcc/nios2-elf/4.9.1\libgcc.a(adddf3.o) (__clzsi2)
d:/altera/15.0/nios2eds/bin/gnu/h-x86_64-mingw32/bin/../lib/gcc/nios2-elf/4.9.1\libgcc.a(_clz.o)
                              d:/altera/15.0/nios2eds/bin/gnu/h-x86_64-mingw32/bin/../lib/gcc/nios2-elf/4.9.1\libgcc.a(_clzsi2.o) (__clz_tab)
d:/altera/15.0/nios2eds/bin/gnu/h-x86_64-mingw32/bin/../lib/gcc/nios2-elf/4.9.1/../../../../../H-x86_64-mingw32/nios2-elf/lib\libsmallc.a(lib_a-errno.o)
                              d:/altera/15.0/nios2eds/bin/gnu/h-x86_64-mingw32/bin/../lib/gcc/nios2-elf/4.9.1/../../../../../H-x86_64-mingw32/nios2-elf/lib\libm.a(lib_a-w_exp.o) (__errno)
d:/altera/15.0/nios2eds/bin/gnu/h-x86_64-mingw32/bin/../lib/gcc/nios2-elf/4.9.1/../../../../../H-x86_64-mingw32/nios2-elf/lib\libsmallc.a(lib_a-impure.o)
                              d:/altera/15.0/nios2eds/bin/gnu/h-x86_64-mingw32/bin/../lib/gcc/nios2-elf/4.9.1/../../../../../H-x86_64-mingw32/nios2-elf/lib\libsmallc.a(lib_a-errno.o) (_impure_ptr)
d:/altera/15.0/nios2eds/bin/gnu/h-x86_64-mingw32/bin/../lib/gcc/nios2-elf/4.9.1/../../../../../H-x86_64-mingw32/nios2-elf/lib\libsmallc.a(lib_a-printf.o)
                              obj/default/hello_world.o (printf)
d:/altera/15.0/nios2eds/bin/gnu/h-x86_64-mingw32/bin/../lib/gcc/nios2-elf/4.9.1/../../../../../H-x86_64-mingw32/nios2-elf/lib\libsmallc.a(lib_a-puts.o)
                              obj/default/hello_world.o (puts)
[...]
Memory Configuration

Name             Origin             Length             Attributes
reset            0x0000000008000000 0x0000000000000020
sdram_controller 0x0000000008000020 0x0000000007ffffe0
*default*        0x0000000000000000 0xffffffffffffffff

Linker script and memory map

LOAD ../CNN_MNIST_bsp//obj/HAL/src/crt0.o
LOAD obj/default/LCD1602_Qsys.o
LOAD obj/default/hello_world.o
LOAD d:/altera/15.0/nios2eds/bin/gnu/h-x86_64-mingw32/bin/../lib/gcc/nios2-elf/4.9.1/../../../../../H-x86_64-mingw32/nios2-elf/lib\libstdc++.a
LOAD d:/altera/15.0/nios2eds/bin/gnu/h-x86_64-mingw32/bin/../lib/gcc/nios2-elf/4.9.1/../../../../../H-x86_64-mingw32/nios2-elf/lib\libm.a
LOAD d:/altera/15.0/nios2eds/bin/gnu/h-x86_64-mingw32/bin/../lib/gcc/nios2-elf/4.9.1\libgcc.a
START GROUP
LOAD d:/altera/15.0/nios2eds/bin/gnu/h-x86_64-mingw32/bin/../lib/gcc/nios2-elf/4.9.1/../../../../../H-x86_64-mingw32/nios2-elf/lib\libsmallc.a
LOAD d:/altera/15.0/nios2eds/bin/gnu/h-x86_64-mingw32/bin/../lib/gcc/nios2-elf/4.9.1\libgcc.a
LOAD ../CNN_MNIST_bsp/\libhal_bsp.a
LOAD d:/altera/15.0/nios2eds/bin/gnu/h-x86_64-mingw32/bin/../lib/gcc/nios2-elf/4.9.1/../../../../../H-x86_64-mingw32/nios2-elf/lib\libm.a
END GROUP
LOAD d:/altera/15.0/nios2eds/bin/gnu/h-x86_64-mingw32/bin/../lib/gcc/nios2-elf/4.9.1\libgcc.a
                0x0000000008000000                __alt_mem_sdram_controller = 0x8000000

.entry          0x0000000008000000       0x20
 *(.entry)
 .entry         0x0000000008000000       0x20 ../CNN_MNIST_bsp//obj/HAL/src/crt0.o
                0x0000000008000000                __reset

.exceptions     0x0000000008000020        0x0
                0x0000000008000020                PROVIDE (__ram_exceptions_start, ABSOLUTE (.))
                0x0000000008000020                . = ALIGN (0x20)
 *(.irq)
 *(.exceptions.entry.label)
 *(.exceptions.entry.user)
 *(.exceptions.entry.ecc_fatal)
 *(.exceptions.entry)
 *(.exceptions.irqtest.user)
 *(.exceptions.irqtest)
 *(.exceptions.irqhandler.user)
 *(.exceptions.irqhandler)
 *(.exceptions.irqreturn.user)
 *(.exceptions.irqreturn)
 *(.exceptions.notirq.label)
 *(.exceptions.notirq.user)
 *(.exceptions.notirq)
 *(.exceptions.soft.user)
 *(.exceptions.soft)
 *(.exceptions.unknown.user)
 *(.exceptions.unknown)
 *(.exceptions.exit.label)
 *(.exceptions.exit.user)
 *(.exceptions.exit)
 *(.exceptions)
                0x0000000008000020                PROVIDE (__ram_exceptions_end, ABSOLUTE (.))
                0x0000000008000020                PROVIDE (__flash_exceptions_start, LOADADDR (.exceptions))

.text           0x0000000008000020     0x65ec
                0x0000000008000020                PROVIDE (stext, ABSOLUTE (.))
 *(.interp)
 *(.hash)
 *(.dynsym)
 *(.dynstr)
 *(.gnu.version)
 *(.gnu.version_d)
 *(.gnu.version_r)
 *(.rel.init)
 *(.rela.init)
 *(.rel.text .rel.text.* .rel.gnu.linkonce.t.*)
 *(.rela.text .rela.text.* .rela.gnu.linkonce.t.*)
 *(.rel.fini)
 *(.rela.fini)
 *(.rel.rodata .rel.rodata.* .rel.gnu.linkonce.r.*)
 *(.rela.rodata .rela.rodata.* .rela.gnu.linkonce.r.*)
 *(.rel.data .rel.data.* .rel.gnu.linkonce.d.*)
 *(.rela.data .rela.data.* .rela.gnu.linkonce.d.*)
 *(.rel.tdata .rel.tdata.* .rel.gnu.linkonce.td.*)
 *(.rela.tdata .rela.tdata.* .rela.gnu.linkonce.td.*)
 *(.rel.tbss .rel.tbss.* .rel.gnu.linkonce.tb.*)
 *(.rela.tbss .rela.tbss.* .rela.gnu.linkonce.tb.*)
 *(.rel.ctors)
 *(.rela.ctors)
 *(.rel.dtors)
 *(.rela.dtors)
 *(.rel.got)
 *(.rela.got)
 *(.rel.sdata .rel.sdata.* .rel.gnu.linkonce.s.*)
 *(.rela.sdata .rela.sdata.* .rela.gnu.linkonce.s.*)
 *(.rel.sbss .rel.sbss.* .rel.gnu.linkonce.sb.*)
 *(.rela.sbss .rela.sbss.* .rela.gnu.linkonce.sb.*)
 *(.rel.sdata2 .rel.sdata2.* .rel.gnu.linkonce.s2.*)
 *(.rela.sdata2 .rela.sdata2.* .rela.gnu.linkonce.s2.*)
 *(.rel.sbss2 .rel.sbss2.* .rel.gnu.linkonce.sb2.*)
 *(.rela.sbss2 .rela.sbss2.* .rela.gnu.linkonce.sb2.*)
 *(.rel.bss .rel.bss.* .rel.gnu.linkonce.b.*)
 *(.rela.bss .rela.bss.* .rela.gnu.linkonce.b.*)
 *(.rel.plt)
 *(.rela.plt)
 *(.rel.dyn)
 *(.init)
 *(.plt)
 *(.text .stub .text.* .gnu.linkonce.t.*)
 .text          0x0000000008000020       0x3c ../CNN_MNIST_bsp//obj/HAL/src/crt0.o
                0x0000000008000020                _start
 .text          0x000000000800005c      0x1dc obj/default/LCD1602_Qsys.o
                0x000000000800005c                LCD_Disp
                0x00000000080001b0                LCD_Clear
                0x00000000080001f4                LCD_Reset
 .text          0x0000000008000238     0x22b8 obj/default/hello_world.o
                0x0000000008000238                Format_Conv1_W
                0x000000000800032c                Format_Conv2_W
                0x0000000008000464                Format_Fc1_W
                0x0000000008000510                Format_Fc2_W
                0x00000000080005bc                Format_InputImage
                0x0000000008000668                CNN_MNIST_recognition
                0x00000000080006fc                Load_All
                0x0000000008000730                Conv1
                0x00000000080009c0                max
                0x0000000008000ab8                MaxPool1
                0x0000000008000cac                Conv2
                0x0000000008000f80                MaxPool2
                0x0000000008001188                Flatten
                0x0000000008001278                Fc1
                0x0000000008001408                Fc2
                0x0000000008001564                Get_Answer
                0x00000000080018f4                Reset_Screen
                0x0000000008001a44                Recognition
                0x00000000080022b4                main
 .text          0x00000000080024f0      0x190 d:/altera/15.0/nios2eds/bin/gnu/h-x86_64-mingw32/bin/../lib/gcc/nios2-elf/4.9.1/../../../../../H-x86_64-mingw32/nios2-elf/lib\libm.a(lib_a-w_exp.o)
                0x00000000080024f0                exp
 .text          0x0000000008002680      0x4e8 d:/altera/15.0/nios2eds/bin/gnu/h-x86_64-mingw32/bin/../lib/gcc/nios2-elf/4.9.1/../../../../../H-x86_64-mingw32/nios2-elf/lib\libm.a(lib_a-e_exp.o)
                0x0000000008002680                __ieee754_exp
 .text          0x0000000008002b68       0x1c d:/altera/15.0/nios2eds/bin/gnu/h-x86_64-mingw32/bin/../lib/gcc/nios2-elf/4.9.1/../../../../../H-x86_64-mingw32/nios2-elf/lib\libm.a(lib_a-s_finite.o)
                0x0000000008002b68                finite
 .text          0x0000000008002b84        0x0 d:/altera/15.0/nios2eds/bin/gnu/h-x86_64-mingw32/bin/../lib/gcc/nios2-elf/4.9.1/../../../../../H-x86_64-mingw32/nios2-elf/lib\libm.a(lib_a-s_lib_ver.o)
 .text          0x0000000008002b84        0x8 d:/altera/15.0/nios2eds/bin/gnu/h-x86_64-mingw32/bin/../lib/gcc/nios2-elf/4.9.1/../../../../../H-x86_64-mingw32/nios2-elf/lib\libm.a(lib_a-s_matherr.o)
                0x0000000008002b84                matherr
 .text          0x0000000008002b8c      0x12c d:/altera/15.0/nios2eds/bin/gnu/h-x86_64-mingw32/bin/../lib/gcc/nios2-elf/4.9.1\libgcc.a(lib2-divmod.o)
                0x0000000008002bf8                __divsi3
                0x0000000008002c4c                __modsi3
                0x0000000008002ca8                __udivsi3
                0x0000000008002cb0                __umodsi3
 .text          0x0000000008002cb8      0x89c d:/altera/15.0/nios2eds/bin/gnu/h-x86_64-mingw32/bin/../lib/gcc/nios2-elf/4.9.1\libgcc.a(adddf3.o)
                0x0000000008002cb8                __adddf3
 .text          0x0000000008003554      0x8cc d:/altera/15.0/nios2eds/bin/gnu/h-x86_64-mingw32/bin/../lib/gcc/nios2-elf/4.9.1\libgcc.a(divdf3.o)
                0x0000000008003554                __divdf3
 .text          0x0000000008003e20       0xe0 d:/altera/15.0/nios2eds/bin/gnu/h-x86_64-mingw32/bin/../lib/gcc/nios2-elf/4.9.1\libgcc.a(gedf2.o)
                0x0000000008003e20                __gedf2
                0x0000000008003e20                __gtdf2
 .text          0x0000000008003f00       0xe0 d:/altera/15.0/nios2eds/bin/gnu/h-x86_64-mingw32/bin/../lib/gcc/nios2-elf/4.9.1\libgcc.a(ledf2.o)
                0x0000000008003f00                __ledf2
                0x0000000008003f00                __ltdf2
 .text          0x0000000008003fe0      0x724 d:/altera/15.0/nios2eds/bin/gnu/h-x86_64-mingw32/bin/../lib/gcc/nios2-elf/4.9.1\libgcc.a(muldf3.o)
                0x0000000008003fe0                __muldf3
 .text          0x0000000008004704      0x8d0 d:/altera/15.0/nios2eds/bin/gnu/h-x86_64-mingw32/bin/../lib/gcc/nios2-elf/4.9.1\libgcc.a(subdf3.o)
                0x0000000008004704                __subdf3
 .text          0x0000000008004fd4       0x88 d:/altera/15.0/nios2eds/bin/gnu/h-x86_64-mingw32/bin/../lib/gcc/nios2-elf/4.9.1\libgcc.a(fixdfsi.o)
                0x0000000008004fd4                __fixdfsi
 .text          0x000000000800505c       0xd0 d:/altera/15.0/nios2eds/bin/gnu/h-x86_64-mingw32/bin/../lib/gcc/nios2-elf/4.9.1\libgcc.a(floatsidf.o)
                0x000000000800505c                __floatsidf
 .text          0x000000000800512c       0x64 d:/altera/15.0/nios2eds/bin/gnu/h-x86_64-mingw32/bin/../lib/gcc/nios2-elf/4.9.1\libgcc.a(_clzsi2.o)
                0x000000000800512c                __clzsi2
 .text          0x0000000008005190        0x0 d:/altera/15.0/nios2eds/bin/gnu/h-x86_64-mingw32/bin/../lib/gcc/nios2-elf/4.9.1\libgcc.a(_clz.o)
 .text          0x0000000008005190       0x10 d:/altera/15.0/nios2eds/bin/gnu/h-x86_64-mingw32/bin/../lib/gcc/nios2-elf/4.9.1/../../../../../H-x86_64-mingw32/nios2-elf/lib\libsmallc.a(lib_a-errno.o)
                0x0000000008005190                __errno
 .text          0x00000000080051a0        0x0 d:/altera/15.0/nios2eds/bin/gnu/h-x86_64-mingw32/bin/../lib/gcc/nios2-elf/4.9.1/../../../../../H-x86_64-mingw32/nios2-elf/lib\libsmallc.a(lib_a-impure.o)
 .text          0x00000000080051a0       0x88 d:/altera/15.0/nios2eds/bin/gnu/h-x86_64-mingw32/bin/../lib/gcc/nios2-elf/4.9.1/../../../../../H-x86_64-mingw32/nios2-elf/lib\libsmallc.a(lib_a-printf.o)
                0x00000000080051a0                _printf_r
                0x00000000080051dc                printf
 .text          0x0000000008005228       0x94 d:/altera/15.0/nios2eds/bin/gnu/h-x86_64-mingw32/bin/../lib/gcc/nios2-elf/4.9.1/../../../../../H-x86_64-mingw32/nios2-elf/lib\libsmallc.a(lib_a-puts.o)
                0x0000000008005228                _puts_r
                0x00000000080052a8                puts
 .text          0x00000000080052bc       0x1c d:/altera/15.0/nios2eds/bin/gnu/h-x86_64-mingw32/bin/../lib/gcc/nios2-elf/4.9.1/../../../../../H-x86_64-mingw32/nios2-elf/lib\libsmallc.a(lib_a-strlen.o)
                0x00000000080052bc                strlen
 .text          0x00000000080052d8      0x5d4 d:/altera/15.0/nios2eds/bin/gnu/h-x86_64-mingw32/bin/../lib/gcc/nios2-elf/4.9.1/../../../../../H-x86_64-mingw32/nios2-elf/lib\libsmallc.a(lib_a-vfprintf.o)
                0x0000000008005344                ___vfprintf_internal_r
                0x0000000008005888                __vfprintf_internal
 .text          0x00000000080058ac       0xac d:/altera/15.0/nios2eds/bin/gnu/h-x86_64-mingw32/bin/../lib/gcc/nios2-elf/4.9.1/../../../../../H-x86_64-mingw32/nios2-elf/lib\libsmallc.a(lib_a-fvwrite_small_dev.o)
                0x00000000080058ac                __sfvwrite_small_dev
 .text          0x0000000008005958       0x58 d:/altera/15.0/nios2eds/bin/gnu/h-x86_64-mingw32/bin/../lib/gcc/nios2-elf/4.9.1/../../../../../H-x86_64-mingw32/nios2-elf/lib\libsmallc.a(lib_a-writer.o)
                0x0000000008005958                _write_r
 .text          0x00000000080059b0        0x0 d:/altera/15.0/nios2eds/bin/gnu/h-x86_64-mingw32/bin/../lib/gcc/nios2-elf/4.9.1/../../../../../H-x86_64-mingw32/nios2-elf/lib\libsmallc.a(lib_a-int_errno.o)
 .text          0x00000000080059b0      0x184 ../CNN_MNIST_bsp/\libhal_bsp.a(alt_load.o)
                0x00000000080059b0                alt_load
 .text          0x0000000008005b34       0x50 ../CNN_MNIST_bsp/\libhal_bsp.a(alt_main.o)
                0x0000000008005b34                alt_main
 .text          0x0000000008005b84       0xe4 ../CNN_MNIST_bsp/\libhal_bsp.a(alt_write.o)
                0x0000000008005b84                write
 .text          0x0000000008005c68       0x48 ../CNN_MNIST_bsp/\libhal_bsp.a(alt_sys_init.o)
                0x0000000008005c68                alt_irq_init
                0x0000000008005c88                alt_sys_init
 .text          0x0000000008005cb0       0x50 ../CNN_MNIST_bsp/\libhal_bsp.a(altera_avalon_jtag_uart_fd.o)
                0x0000000008005cb0                altera_avalon_jtag_uart_read_fd
                0x0000000008005cd8                altera_avalon_jtag_uart_write_fd
 .text          0x0000000008005d00       0x74 ../CNN_MNIST_bsp/\libhal_bsp.a(altera_avalon_jtag_uart_read.o)
                0x0000000008005d00                altera_avalon_jtag_uart_read
 .text          0x0000000008005d74       0x38 ../CNN_MNIST_bsp/\libhal_bsp.a(altera_avalon_jtag_uart_write.o)
                0x0000000008005d74                altera_avalon_jtag_uart_write
 .text          0x0000000008005dac       0xcc ../CNN_MNIST_bsp/\libhal_bsp.a(alt_close.o)
                0x0000000008005dac                close
 .text          0x0000000008005e78        0x4 ../CNN_MNIST_bsp/\libhal_bsp.a(alt_dcache_flush_all.o)
                0x0000000008005e78                alt_dcache_flush_all
 .text          0x0000000008005e7c        0x8 ../CNN_MNIST_bsp/\libhal_bsp.a(alt_dev.o)
 .text          0x0000000008005e84       0x80 ../CNN_MNIST_bsp/\libhal_bsp.a(alt_dev_llist_insert.o)
                0x0000000008005e84                alt_dev_llist_insert
 .text          0x0000000008005f04        0x0 ../CNN_MNIST_bsp/\libhal_bsp.a(alt_errno.o)
 .text          0x0000000008005f04       0x20 ../CNN_MNIST_bsp/\libhal_bsp.a(alt_icache_flush_all.o)
                0x0000000008005f04                alt_icache_flush_all
 .text          0x0000000008005f24       0xfc ../CNN_MNIST_bsp/\libhal_bsp.a(alt_io_redirect.o)
                0x0000000008005f88                alt_io_redirect
 .text          0x0000000008006020      0x1a8 ../CNN_MNIST_bsp/\libhal_bsp.a(alt_open.o)
                0x0000000008006020                open
 .text          0x00000000080061c8       0x24 ../CNN_MNIST_bsp/\libhal_bsp.a(alt_release_fd.o)
                0x00000000080061c8                alt_release_fd
 .text          0x00000000080061ec        0x8 ../CNN_MNIST_bsp/\libhal_bsp.a(altera_nios2_gen2_irq.o)
                0x00000000080061ec                altera_nios2_gen2_irq_init
 .text          0x00000000080061f4       0x7c ../CNN_MNIST_bsp/\libhal_bsp.a(alt_find_dev.o)
                0x00000000080061f4                alt_find_dev
 .text          0x0000000008006270       0xcc ../CNN_MNIST_bsp/\libhal_bsp.a(alt_find_file.o)
                0x0000000008006270                alt_find_file
 .text          0x000000000800633c       0x78 ../CNN_MNIST_bsp/\libhal_bsp.a(alt_get_fd.o)
                0x000000000800633c                alt_get_fd
 .text          0x00000000080063b4       0x58 ../CNN_MNIST_bsp/\libhal_bsp.a(alt_icache_flush.o)
                0x00000000080063b4                alt_icache_flush
 .text          0x000000000800640c       0x20 d:/altera/15.0/nios2eds/bin/gnu/h-x86_64-mingw32/bin/../lib/gcc/nios2-elf/4.9.1/../../../../../H-x86_64-mingw32/nios2-elf/lib\libsmallc.a(lib_a-exit.o)
                0x000000000800640c                exit
 .text          0x000000000800642c       0x30 d:/altera/15.0/nios2eds/bin/gnu/h-x86_64-mingw32/bin/../lib/gcc/nios2-elf/4.9.1/../../../../../H-x86_64-mingw32/nios2-elf/lib\libsmallc.a(lib_a-memcmp.o)
                0x000000000800642c                memcmp
 .text          0x000000000800645c      0x19c d:/altera/15.0/nios2eds/bin/gnu/h-x86_64-mingw32/bin/../lib/gcc/nios2-elf/4.9.1/../../../../../H-x86_64-mingw32/nios2-elf/lib\libsmallc.a(lib_a-__call_atexit.o)
                0x000000000800645c                __call_exitprocs
 .text          0x00000000080065f8       0x14 ../CNN_MNIST_bsp/\libhal_bsp.a(alt_exit.o)
                0x00000000080065f8                _exit
 *(.gnu.warning.*)
 *(.fini)
                0x000000000800660c                PROVIDE (__etext, ABSOLUTE (.))
                0x000000000800660c                PROVIDE (_etext, ABSOLUTE (.))
                0x000000000800660c                PROVIDE (etext, ABSOLUTE (.))
 *(.eh_frame_hdr)
                0x000000000800660c                . = ALIGN (0x4)
                0x000000000800660c                PROVIDE (__preinit_array_start, ABSOLUTE (.))
 *(.preinit_array)
                0x000000000800660c                PROVIDE (__preinit_array_end, ABSOLUTE (.))
                0x000000000800660c                PROVIDE (__init_array_start, ABSOLUTE (.))
 *(.init_array)
                0x000000000800660c                PROVIDE (__init_array_end, ABSOLUTE (.))
                0x000000000800660c                PROVIDE (__fini_array_start, ABSOLUTE (.))
 *(.fini_array)
                0x000000000800660c                PROVIDE (__fini_array_end, ABSOLUTE (.))
 *(.eh_frame)
 *(.gcc_except_table .gcc_except_table.*)
 *(.dynamic)
                0x000000000800660c                PROVIDE (__CTOR_LIST__, ABSOLUTE (.))
 *(.ctors)
 *(SORT(.ctors.*))
                0x000000000800660c                PROVIDE (__CTOR_END__, ABSOLUTE (.))
                0x000000000800660c                PROVIDE (__DTOR_LIST__, ABSOLUTE (.))
 *(.dtors)
 *(SORT(.dtors.*))
                0x000000000800660c                PROVIDE (__DTOR_END__, ABSOLUTE (.))
 *(.jcr)
                0x000000000800660c                . = ALIGN (0x4)

.rodata         0x000000000800660c      0x1e8
                0x000000000800660c                PROVIDE (__ram_rodata_start, ABSOLUTE (.))
                0x000000000800660c                . = ALIGN (0x4)
 *(.rodata .rodata.* .gnu.linkonce.r.*)
 .rodata        0x000000000800660c       0x94 obj/default/hello_world.o
 .rodata.str1.4
                0x00000000080066a0        0x4 d:/altera/15.0/nios2eds/bin/gnu/h-x86_64-mingw32/bin/../lib/gcc/nios2-elf/4.9.1/../../../../../H-x86_64-mingw32/nios2-elf/lib\libm.a(lib_a-w_exp.o)
 .rodata        0x00000000080066a4       0x30 d:/altera/15.0/nios2eds/bin/gnu/h-x86_64-mingw32/bin/../lib/gcc/nios2-elf/4.9.1/../../../../../H-x86_64-mingw32/nios2-elf/lib\libm.a(lib_a-e_exp.o)
 .rodata        0x00000000080066d4      0x100 d:/altera/15.0/nios2eds/bin/gnu/h-x86_64-mingw32/bin/../lib/gcc/nios2-elf/4.9.1\libgcc.a(_clz.o)
                0x00000000080066d4                __clz_tab
 .rodata.str1.4
                0x00000000080067d4        0x2 d:/altera/15.0/nios2eds/bin/gnu/h-x86_64-mingw32/bin/../lib/gcc/nios2-elf/4.9.1/../../../../../H-x86_64-mingw32/nios2-elf/lib\libsmallc.a(lib_a-puts.o)
                                          0x4 (size before relaxing)
 *fill*         0x00000000080067d6        0x2 
 .rodata.str1.4
                0x00000000080067d8        0xf ../CNN_MNIST_bsp/\libhal_bsp.a(alt_main.o)
                                         0x10 (size before relaxing)
 .rodata.str1.4
                0x0000000000000000       0x10 ../CNN_MNIST_bsp/\libhal_bsp.a(alt_sys_init.o)
 *fill*         0x00000000080067e7        0x1 
 .rodata.str1.4
                0x00000000080067e8        0xc ../CNN_MNIST_bsp/\libhal_bsp.a(alt_dev.o)
 *(.rodata1)
                0x00000000080067f4                . = ALIGN (0x4)
                0x00000000080067f4                PROVIDE (__ram_rodata_end, ABSOLUTE (.))
                0x000000000800660c                PROVIDE (__flash_rodata_start, LOADADDR (.rodata))

.rwdata         0x00000000080067f4     0xfd08 load address 0x00000000080164fc
                0x00000000080067f4                PROVIDE (__ram_rwdata_start, ABSOLUTE (.))
                0x00000000080067f4                . = ALIGN (0x4)
 *(.got.plt)
 *(.got)
 *(.data1)
 *(.data .data.* .gnu.linkonce.d.*)
 .data          0x00000000080067f4        0x0 ../CNN_MNIST_bsp//obj/HAL/src/crt0.o
 .data          0x00000000080067f4        0x0 obj/default/LCD1602_Qsys.o
 .data          0x00000000080067f4     0xfa20 obj/default/hello_world.o
                0x00000000080067f4                Conv1_B
                0x0000000008006834                Conv2_B
                0x0000000008006854                Fc1_B
                0x0000000008006954                Fc2_B
                0x00000000080069a4                Conv1_W_raw
                0x0000000008006be4                Conv2_W_raw
                0x00000000080074e4                Fc1_W_raw
                0x00000000080138e4                Fc2_W_raw
                0x00000000080142e4                Input_Image_raw
                0x0000000008015b64                Image_Mask
                0x00000000080161f8                str_ans
                0x0000000008016204                str_pro
 .data          0x0000000008016214        0x0 d:/altera/15.0/nios2eds/bin/gnu/h-x86_64-mingw32/bin/../lib/gcc/nios2-elf/4.9.1/../../../../../H-x86_64-mingw32/nios2-elf/lib\libm.a(lib_a-w_exp.o)
 .data          0x0000000008016214        0x0 d:/altera/15.0/nios2eds/bin/gnu/h-x86_64-mingw32/bin/../lib/gcc/nios2-elf/4.9.1/../../../../../H-x86_64-mingw32/nios2-elf/lib\libm.a(lib_a-e_exp.o)
 .data          0x0000000008016214        0x0 d:/altera/15.0/nios2eds/bin/gnu/h-x86_64-mingw32/bin/../lib/gcc/nios2-elf/4.9.1/../../../../../H-x86_64-mingw32/nios2-elf/lib\libm.a(lib_a-s_finite.o)
 .data          0x0000000008016214        0x0 d:/altera/15.0/nios2eds/bin/gnu/h-x86_64-mingw32/bin/../lib/gcc/nios2-elf/4.9.1/../../../../../H-x86_64-mingw32/nios2-elf/lib\libm.a(lib_a-s_lib_ver.o)
 .data          0x0000000008016214        0x0 d:/altera/15.0/nios2eds/bin/gnu/h-x86_64-mingw32/bin/../lib/gcc/nios2-elf/4.9.1/../../../../../H-x86_64-mingw32/nios2-elf/lib\libm.a(lib_a-s_matherr.o)
 .data          0x0000000008016214        0x0 d:/altera/15.0/nios2eds/bin/gnu/h-x86_64-mingw32/bin/../lib/gcc/nios2-elf/4.9.1\libgcc.a(lib2-divmod.o)
 .data          0x0000000008016214        0x0 d:/altera/15.0/nios2eds/bin/gnu/h-x86_64-mingw32/bin/../lib/gcc/nios2-elf/4.9.1\libgcc.a(adddf3.o)
 .data          0x0000000008016214        0x0 d:/altera/15.0/nios2eds/bin/gnu/h-x86_64-mingw32/bin/../lib/gcc/nios2-elf/4.9.1\libgcc.a(divdf3.o)
 .data          0x0000000008016214        0x0 d:/altera/15.0/nios2eds/bin/gnu/h-x86_64-mingw32/bin/../lib/gcc/nios2-elf/4.9.1\libgcc.a(gedf2.o)
 .data          0x0000000008016214        0x0 d:/altera/15.0/nios2eds/bin/gnu/h-x86_64-mingw32/bin/../lib/gcc/nios2-elf/4.9.1\libgcc.a(ledf2.o)
 .data          0x0000000008016214        0x0 d:/altera/15.0/nios2eds/bin/gnu/h-x86_64-mingw32/bin/../lib/gcc/nios2-elf/4.9.1\libgcc.a(muldf3.o)
 .data          0x0000000008016214        0x0 d:/altera/15.0/nios2eds/bin/gnu/h-x86_64-mingw32/bin/../lib/gcc/nios2-elf/4.9.1\libgcc.a(subdf3.o)
 .data          0x0000000008016214        0x0 d:/altera/15.0/nios2eds/bin/gnu/h-x86_64-mingw32/bin/../lib/gcc/nios2-elf/4.9.1\libgcc.a(fixdfsi.o)
 .data          0x0000000008016214        0x0 d:/altera/15.0/nios2eds/bin/gnu/h-x86_64-mingw32/bin/../lib/gcc/nios2-elf/4.9.1\libgcc.a(floatsidf.o)
 .data          0x0000000008016214        0x0 d:/altera/15.0/nios2eds/bin/gnu/h-x86_64-mingw32/bin/../lib/gcc/nios2-elf/4.9.1\libgcc.a(_clzsi2.o)
 .data          0x0000000008016214        0x0 d:/altera/15.0/nios2eds/bin/gnu/h-x86_64-mingw32/bin/../lib/gcc/nios2-elf/4.9.1\libgcc.a(_clz.o)
 .data          0x0000000008016214        0x0 d:/altera/15.0/nios2eds/bin/gnu/h-x86_64-mingw32/bin/../lib/gcc/nios2-elf/4.9.1/../../../../../H-x86_64-mingw32/nios2-elf/lib\libsmallc.a(lib_a-errno.o)
 .data          0x0000000008016214       0xe0 d:/altera/15.0/nios2eds/bin/gnu/h-x86_64-mingw32/bin/../lib/gcc/nios2-elf/4.9.1/../../../../../H-x86_64-mingw32/nios2-elf/lib\libsmallc.a(lib_a-impure.o)
 .data          0x00000000080162f4        0x0 d:/altera/15.0/nios2eds/bin/gnu/h-x86_64-mingw32/bin/../lib/gcc/nios2-elf/4.9.1/../../../../../H-x86_64-mingw32/nios2-elf/lib\libsmallc.a(lib_a-printf.o)
 .data          0x00000000080162f4        0x0 d:/altera/15.0/nios2eds/bin/gnu/h-x86_64-mingw32/bin/../lib/gcc/nios2-elf/4.9.1/../../../../../H-x86_64-mingw32/nios2-elf/lib\libsmallc.a(lib_a-puts.o)
 .data          0x00000000080162f4        0x0 d:/altera/15.0/nios2eds/bin/gnu/h-x86_64-mingw32/bin/../lib/gcc/nios2-elf/4.9.1/../../../../../H-x86_64-mingw32/nios2-elf/lib\libsmallc.a(lib_a-strlen.o)
 .data          0x00000000080162f4        0x0 d:/altera/15.0/nios2eds/bin/gnu/h-x86_64-mingw32/bin/../lib/gcc/nios2-elf/4.9.1/../../../../../H-x86_64-mingw32/nios2-elf/lib\libsmallc.a(lib_a-vfprintf.o)
 .data          0x00000000080162f4        0x0 d:/altera/15.0/nios2eds/bin/gnu/h-x86_64-mingw32/bin/../lib/gcc/nios2-elf/4.9.1/../../../../../H-x86_64-mingw32/nios2-elf/lib\libsmallc.a(lib_a-fvwrite_small_dev.o)
 .data          0x00000000080162f4        0x0 d:/altera/15.0/nios2eds/bin/gnu/h-x86_64-mingw32/bin/../lib/gcc/nios2-elf/4.9.1/../../../../../H-x86_64-mingw32/nios2-elf/lib\libsmallc.a(lib_a-writer.o)
 .data          0x00000000080162f4        0x0 d:/altera/15.0/nios2eds/bin/gnu/h-x86_64-mingw32/bin/../lib/gcc/nios2-elf/4.9.1/../../../../../H-x86_64-mingw32/nios2-elf/lib\libsmallc.a(lib_a-int_errno.o)
 .data          0x00000000080162f4        0x0 ../CNN_MNIST_bsp/\libhal_bsp.a(alt_load.o)
 .data          0x00000000080162f4        0x0 ../CNN_MNIST_bsp/\libhal_bsp.a(alt_main.o)
 .data          0x00000000080162f4        0x0 ../CNN_MNIST_bsp/\libhal_bsp.a(alt_write.o)
 .data          0x00000000080162f4       0x2c ../CNN_MNIST_bsp/\libhal_bsp.a(alt_sys_init.o)
 .data          0x0000000008016320        0x0 ../CNN_MNIST_bsp/\libhal_bsp.a(altera_avalon_jtag_uart_fd.o)
 .data          0x0000000008016320        0x0 ../CNN_MNIST_bsp/\libhal_bsp.a(altera_avalon_jtag_uart_read.o)
 .data          0x0000000008016320        0x0 ../CNN_MNIST_bsp/\libhal_bsp.a(altera_avalon_jtag_uart_write.o)
 .data          0x0000000008016320        0x0 ../CNN_MNIST_bsp/\libhal_bsp.a(alt_close.o)
 .data          0x0000000008016320        0x0 ../CNN_MNIST_bsp/\libhal_bsp.a(alt_dcache_flush_all.o)
 .data          0x0000000008016320      0x1a8 ../CNN_MNIST_bsp/\libhal_bsp.a(alt_dev.o)
                0x0000000008016320                alt_fd_list
                0x00000000080164a0                alt_dev_null
 .data          0x00000000080164c8        0x0 ../CNN_MNIST_bsp/\libhal_bsp.a(alt_dev_llist_insert.o)
 .data          0x00000000080164c8        0x0 ../CNN_MNIST_bsp/\libhal_bsp.a(alt_errno.o)
 .data          0x00000000080164c8        0x0 ../CNN_MNIST_bsp/\libhal_bsp.a(alt_icache_flush_all.o)
 .data          0x00000000080164c8        0x0 ../CNN_MNIST_bsp/\libhal_bsp.a(alt_io_redirect.o)
 .data          0x00000000080164c8        0x0 ../CNN_MNIST_bsp/\libhal_bsp.a(alt_open.o)
 .data          0x00000000080164c8        0x0 ../CNN_MNIST_bsp/\libhal_bsp.a(alt_release_fd.o)
 .data          0x00000000080164c8        0x0 ../CNN_MNIST_bsp/\libhal_bsp.a(altera_nios2_gen2_irq.o)
 .data          0x00000000080164c8        0x0 ../CNN_MNIST_bsp/\libhal_bsp.a(alt_find_dev.o)
 .data          0x00000000080164c8        0x0 ../CNN_MNIST_bsp/\libhal_bsp.a(alt_find_file.o)
 .data          0x00000000080164c8        0x0 ../CNN_MNIST_bsp/\libhal_bsp.a(alt_get_fd.o)
 .data          0x00000000080164c8        0x0 ../CNN_MNIST_bsp/\libhal_bsp.a(alt_icache_flush.o)
 .data          0x00000000080164c8        0x0 d:/altera/15.0/nios2eds/bin/gnu/h-x86_64-mingw32/bin/../lib/gcc/nios2-elf/4.9.1/../../../../../H-x86_64-mingw32/nios2-elf/lib\libsmallc.a(lib_a-exit.o)
 .data          0x00000000080164c8        0x0 d:/altera/15.0/nios2eds/bin/gnu/h-x86_64-mingw32/bin/../lib/gcc/nios2-elf/4.9.1/../../../../../H-x86_64-mingw32/nios2-elf/lib\libsmallc.a(lib_a-memcmp.o)
 .data          0x00000000080164c8        0x0 d:/altera/15.0/nios2eds/bin/gnu/h-x86_64-mingw32/bin/../lib/gcc/nios2-elf/4.9.1/../../../../../H-x86_64-mingw32/nios2-elf/lib\libsmallc.a(lib_a-__call_atexit.o)
 .data          0x00000000080164c8        0x0 ../CNN_MNIST_bsp/\libhal_bsp.a(alt_exit.o)
                0x000000000801e4c8                _gp = ABSOLUTE ((. + 0x8000))
                0x000000000801e4c8                PROVIDE (gp, _gp)
 *(.rwdata .rwdata.*)
 *(.sdata .sdata.* .gnu.linkonce.s.*)
 .sdata         0x00000000080164c8        0x4 obj/default/LCD1602_Qsys.o
                0x00000000080164c8                pUser_LCD
 .sdata         0x00000000080164cc        0xc obj/default/hello_world.o
                0x00000000080164cc                pUser_SEG8
                0x00000000080164d0                pUser_LTM_ADC
                0x00000000080164d4                pUser_LTM_Buf
 .sdata         0x00000000080164d8        0x4 d:/altera/15.0/nios2eds/bin/gnu/h-x86_64-mingw32/bin/../lib/gcc/nios2-elf/4.9.1/../../../../../H-x86_64-mingw32/nios2-elf/lib\libm.a(lib_a-s_lib_ver.o)
                0x00000000080164d8                __fdlib_version
 .sdata         0x00000000080164dc        0x8 d:/altera/15.0/nios2eds/bin/gnu/h-x86_64-mingw32/bin/../lib/gcc/nios2-elf/4.9.1/../../../../../H-x86_64-mingw32/nios2-elf/lib\libsmallc.a(lib_a-impure.o)
                0x00000000080164dc                _global_impure_ptr
                0x00000000080164e0                _impure_ptr
 .sdata         0x00000000080164e4       0x14 ../CNN_MNIST_bsp/\libhal_bsp.a(alt_dev.o)
                0x00000000080164e4                alt_max_fd
                0x00000000080164e8                alt_dev_list
                0x00000000080164f0                alt_fs_list
 .sdata         0x00000000080164f8        0x4 ../CNN_MNIST_bsp/\libhal_bsp.a(alt_errno.o)
                0x00000000080164f8                alt_errno
 *(.sdata2 .sdata2.* .gnu.linkonce.s2.*)
                0x00000000080164fc                . = ALIGN (0x4)
                0x00000000080164fc                _edata = ABSOLUTE (.)
                0x00000000080164fc                PROVIDE (edata, ABSOLUTE (.))
                0x00000000080164fc                PROVIDE (__ram_rwdata_end, ABSOLUTE (.))
                0x00000000080164fc                PROVIDE (__flash_rwdata_start, LOADADDR (.rwdata))

.bss            0x0000000008026204    0xb9e3c
                0x0000000008026204                __bss_start = ABSOLUTE (.)
                0x0000000008026204                PROVIDE (__sbss_start, ABSOLUTE (.))
                0x0000000008026204                PROVIDE (___sbss_start, ABSOLUTE (.))
 *(.dynsbss)
 *(.sbss .sbss.* .gnu.linkonce.sb.*)
 .sbss          0x0000000008026204        0xc obj/default/hello_world.o
                0x0000000008026204                subop
                0x0000000008026208                recognize_flag
                0x000000000802620c                ans
 .sbss          0x0000000008026210        0x4 d:/altera/15.0/nios2eds/bin/gnu/h-x86_64-mingw32/bin/../lib/gcc/nios2-elf/4.9.1/../../../../../H-x86_64-mingw32/nios2-elf/lib\libsmallc.a(lib_a-int_errno.o)
                0x0000000008026210                errno
 .sbss          0x0000000008026214        0xc ../CNN_MNIST_bsp/\libhal_bsp.a(alt_main.o)
                0x0000000008026214                alt_envp
                0x0000000008026218                alt_argv
                0x000000000802621c                alt_argc
 *(.sbss2 .sbss2.* .gnu.linkonce.sb2.*)
 *(.scommon)
                0x0000000008026220                PROVIDE (__sbss_end, ABSOLUTE (.))
                0x0000000008026220                PROVIDE (___sbss_end, ABSOLUTE (.))
 *(.dynbss)
 *(.bss .bss.* .gnu.linkonce.b.*)
 .bss           0x0000000008026220        0x0 ../CNN_MNIST_bsp//obj/HAL/src/crt0.o
 .bss           0x0000000008026220        0x0 obj/default/LCD1602_Qsys.o
 .bss           0x0000000008026220        0x0 obj/default/hello_world.o
 .bss           0x0000000008026220        0x0 d:/altera/15.0/nios2eds/bin/gnu/h-x86_64-mingw32/bin/../lib/gcc/nios2-elf/4.9.1/../../../../../H-x86_64-mingw32/nios2-elf/lib\libm.a(lib_a-w_exp.o)
 .bss           0x0000000008026220        0x0 d:/altera/15.0/nios2eds/bin/gnu/h-x86_64-mingw32/bin/../lib/gcc/nios2-elf/4.9.1/../../../../../H-x86_64-mingw32/nios2-elf/lib\libm.a(lib_a-e_exp.o)
 .bss           0x0000000008026220        0x0 d:/altera/15.0/nios2eds/bin/gnu/h-x86_64-mingw32/bin/../lib/gcc/nios2-elf/4.9.1/../../../../../H-x86_64-mingw32/nios2-elf/lib\libm.a(lib_a-s_finite.o)
 .bss           0x0000000008026220        0x0 d:/altera/15.0/nios2eds/bin/gnu/h-x86_64-mingw32/bin/../lib/gcc/nios2-elf/4.9.1/../../../../../H-x86_64-mingw32/nios2-elf/lib\libm.a(lib_a-s_lib_ver.o)
 .bss           0x0000000008026220        0x0 d:/altera/15.0/nios2eds/bin/gnu/h-x86_64-mingw32/bin/../lib/gcc/nios2-elf/4.9.1/../../../../../H-x86_64-mingw32/nios2-elf/lib\libm.a(lib_a-s_matherr.o)
 .bss           0x0000000008026220        0x0 d:/altera/15.0/nios2eds/bin/gnu/h-x86_64-mingw32/bin/../lib/gcc/nios2-elf/4.9.1\libgcc.a(lib2-divmod.o)
 .bss           0x0000000008026220        0x0 d:/altera/15.0/nios2eds/bin/gnu/h-x86_64-mingw32/bin/../lib/gcc/nios2-elf/4.9.1\libgcc.a(adddf3.o)
 .bss           0x0000000008026220        0x0 d:/altera/15.0/nios2eds/bin/gnu/h-x86_64-mingw32/bin/../lib/gcc/nios2-elf/4.9.1\libgcc.a(divdf3.o)
 .bss           0x0000000008026220        0x0 d:/altera/15.0/nios2eds/bin/gnu/h-x86_64-mingw32/bin/../lib/gcc/nios2-elf/4.9.1\libgcc.a(gedf2.o)
 .bss           0x0000000008026220        0x0 d:/altera/15.0/nios2eds/bin/gnu/h-x86_64-mingw32/bin/../lib/gcc/nios2-elf/4.9.1\libgcc.a(ledf2.o)
 .bss           0x0000000008026220        0x0 d:/altera/15.0/nios2eds/bin/gnu/h-x86_64-mingw32/bin/../lib/gcc/nios2-elf/4.9.1\libgcc.a(muldf3.o)
 .bss           0x0000000008026220        0x0 d:/altera/15.0/nios2eds/bin/gnu/h-x86_64-mingw32/bin/../lib/gcc/nios2-elf/4.9.1\libgcc.a(subdf3.o)
 .bss           0x0000000008026220        0x0 d:/altera/15.0/nios2eds/bin/gnu/h-x86_64-mingw32/bin/../lib/gcc/nios2-elf/4.9.1\libgcc.a(fixdfsi.o)
 .bss           0x0000000008026220        0x0 d:/altera/15.0/nios2eds/bin/gnu/h-x86_64-mingw32/bin/../lib/gcc/nios2-elf/4.9.1\libgcc.a(floatsidf.o)
 .bss           0x0000000008026220        0x0 d:/altera/15.0/nios2eds/bin/gnu/h-x86_64-mingw32/bin/../lib/gcc/nios2-elf/4.9.1\libgcc.a(_clzsi2.o)
 .bss           0x0000000008026220        0x0 d:/altera/15.0/nios2eds/bin/gnu/h-x86_64-mingw32/bin/../lib/gcc/nios2-elf/4.9.1\libgcc.a(_clz.o)
 .bss           0x0000000008026220        0x0 d:/altera/15.0/nios2eds/bin/gnu/h-x86_64-mingw32/bin/../lib/gcc/nios2-elf/4.9.1/../../../../../H-x86_64-mingw32/nios2-elf/lib\libsmallc.a(lib_a-errno.o)
 .bss           0x0000000008026220        0x0 d:/altera/15.0/nios2eds/bin/gnu/h-x86_64-mingw32/bin/../lib/gcc/nios2-elf/4.9.1/../../../../../H-x86_64-mingw32/nios2-elf/lib\libsmallc.a(lib_a-impure.o)
 .bss           0x0000000008026220        0x0 d:/altera/15.0/nios2eds/bin/gnu/h-x86_64-mingw32/bin/../lib/gcc/nios2-elf/4.9.1/../../../../../H-x86_64-mingw32/nios2-elf/lib\libsmallc.a(lib_a-printf.o)
 .bss           0x0000000008026220        0x0 d:/altera/15.0/nios2eds/bin/gnu/h-x86_64-mingw32/bin/../lib/gcc/nios2-elf/4.9.1/../../../../../H-x86_64-mingw32/nios2-elf/lib\libsmallc.a(lib_a-puts.o)
 .bss           0x0000000008026220        0x0 d:/altera/15.0/nios2eds/bin/gnu/h-x86_64-mingw32/bin/../lib/gcc/nios2-elf/4.9.1/../../../../../H-x86_64-mingw32/nios2-elf/lib\libsmallc.a(lib_a-strlen.o)
 .bss           0x0000000008026220        0x0 d:/altera/15.0/nios2eds/bin/gnu/h-x86_64-mingw32/bin/../lib/gcc/nios2-elf/4.9.1/../../../../../H-x86_64-mingw32/nios2-elf/lib\libsmallc.a(lib_a-vfprintf.o)
 .bss           0x0000000008026220        0x0 d:/altera/15.0/nios2eds/bin/gnu/h-x86_64-mingw32/bin/../lib/gcc/nios2-elf/4.9.1/../../../../../H-x86_64-mingw32/nios2-elf/lib\libsmallc.a(lib_a-fvwrite_small_dev.o)
 .bss           0x0000000008026220        0x0 d:/altera/15.0/nios2eds/bin/gnu/h-x86_64-mingw32/bin/../lib/gcc/nios2-elf/4.9.1/../../../../../H-x86_64-mingw32/nios2-elf/lib\libsmallc.a(lib_a-writer.o)
 .bss           0x0000000008026220        0x0 d:/altera/15.0/nios2eds/bin/gnu/h-x86_64-mingw32/bin/../lib/gcc/nios2-elf/4.9.1/../../../../../H-x86_64-mingw32/nios2-elf/lib\libsmallc.a(lib_a-int_errno.o)
 .bss           0x0000000008026220        0x0 ../CNN_MNIST_bsp/\libhal_bsp.a(alt_load.o)
 .bss           0x0000000008026220        0x0 ../CNN_MNIST_bsp/\libhal_bsp.a(alt_main.o)
 .bss           0x0000000008026220        0x0 ../CNN_MNIST_bsp/\libhal_bsp.a(alt_write.o)
 .bss           0x0000000008026220        0x0 ../CNN_MNIST_bsp/\libhal_bsp.a(alt_sys_init.o)
 .bss           0x0000000008026220        0x0 ../CNN_MNIST_bsp/\libhal_bsp.a(altera_avalon_jtag_uart_fd.o)
 .bss           0x0000000008026220        0x0 ../CNN_MNIST_bsp/\libhal_bsp.a(altera_avalon_jtag_uart_read.o)
 .bss           0x0000000008026220        0x0 ../CNN_MNIST_bsp/\libhal_bsp.a(altera_avalon_jtag_uart_write.o)
 .bss           0x0000000008026220        0x0 ../CNN_MNIST_bsp/\libhal_bsp.a(alt_close.o)
 .bss           0x0000000008026220        0x0 ../CNN_MNIST_bsp/\libhal_bsp.a(alt_dcache_flush_all.o)
 .bss           0x0000000008026220        0x0 ../CNN_MNIST_bsp/\libhal_bsp.a(alt_dev.o)
 .bss           0x0000000008026220        0x0 ../CNN_MNIST_bsp/\libhal_bsp.a(alt_dev_llist_insert.o)
 .bss           0x0000000008026220        0x0 ../CNN_MNIST_bsp/\libhal_bsp.a(alt_errno.o)
 .bss           0x0000000008026220        0x0 ../CNN_MNIST_bsp/\libhal_bsp.a(alt_icache_flush_all.o)
 .bss           0x0000000008026220        0x0 ../CNN_MNIST_bsp/\libhal_bsp.a(alt_io_redirect.o)
 .bss           0x0000000008026220        0x0 ../CNN_MNIST_bsp/\libhal_bsp.a(alt_open.o)
 .bss           0x0000000008026220        0x0 ../CNN_MNIST_bsp/\libhal_bsp.a(alt_release_fd.o)
 .bss           0x0000000008026220        0x0 ../CNN_MNIST_bsp/\libhal_bsp.a(altera_nios2_gen2_irq.o)
 .bss           0x0000000008026220        0x0 ../CNN_MNIST_bsp/\libhal_bsp.a(alt_find_dev.o)
 .bss           0x0000000008026220        0x0 ../CNN_MNIST_bsp/\libhal_bsp.a(alt_find_file.o)
 .bss           0x0000000008026220        0x0 ../CNN_MNIST_bsp/\libhal_bsp.a(alt_get_fd.o)
 .bss           0x0000000008026220        0x0 ../CNN_MNIST_bsp/\libhal_bsp.a(alt_icache_flush.o)
 .bss           0x0000000008026220        0x0 d:/altera/15.0/nios2eds/bin/gnu/h-x86_64-mingw32/bin/../lib/gcc/nios2-elf/4.9.1/../../../../../H-x86_64-mingw32/nios2-elf/lib\libsmallc.a(lib_a-exit.o)
 .bss           0x0000000008026220        0x0 d:/altera/15.0/nios2eds/bin/gnu/h-x86_64-mingw32/bin/../lib/gcc/nios2-elf/4.9.1/../../../../../H-x86_64-mingw32/nios2-elf/lib\libsmallc.a(lib_a-memcmp.o)
 .bss           0x0000000008026220        0x0 d:/altera/15.0/nios2eds/bin/gnu/h-x86_64-mingw32/bin/../lib/gcc/nios2-elf/4.9.1/../../../../../H-x86_64-mingw32/nios2-elf/lib\libsmallc.a(lib_a-__call_atexit.o)
 .bss           0x0000000008026220        0x0 ../CNN_MNIST_bsp/\libhal_bsp.a(alt_exit.o)
 *(COMMON)
 COMMON         0x0000000008026220    0xb9e20 obj/default/hello_world.o
                0x0000000008026220                Softmax
                0x0000000008026270                Pool1_Image
                0x0000000008029370                Conv1_Image
                0x0000000008035770                sum_value
                0x0000000008036ff0                Conv1_W
                0x0000000008037230                sum_n
                0x0000000008038ab0                FC2_Image
                0x0000000008038b00                Input_Image
                0x000000000803a380                Conv2_W
                0x000000000803ac80                Flat_Image
                0x000000000803b2a0                Large_Digit
                0x00000000080736a0                FC1_Image
                0x00000000080737a0                Fc1_W
                0x000000000807fba0                Screen_Buffer
                0x00000000080dd7a0                Fc2_W
                0x00000000080de1a0                Conv2_Image
                0x00000000080dfa20                Pool2_Image
                0x00000000080e0040                . = ALIGN (0x4)
                0x00000000080e0040                __bss_end = ABSOLUTE (.)

.sdram_controller
                0x00000000080e0040        0x0
                0x00000000080e0040                PROVIDE (_alt_partition_sdram_controller_start, ABSOLUTE (.))
 *(.sdram_controller .sdram_controller. sdram_controller.*)
                0x00000000080e0040                . = ALIGN (0x4)
                0x00000000080e0040                PROVIDE (_alt_partition_sdram_controller_end, ABSOLUTE (.))
                0x00000000080e0040                _end = ABSOLUTE (.)
                0x00000000080e0040                end = ABSOLUTE (.)
                0x00000000080e0040                __alt_stack_base = ABSOLUTE (.)
                0x00000000080e0040                PROVIDE (_alt_partition_sdram_controller_load_addr, LOADADDR (.sdram_controller))

.stab
 *(.stab)

.stabstr
 *(.stabstr)

.stab.excl
 *(.stab.excl)

.stab.exclstr
 *(.stab.exclstr)

.stab.index
 *(.stab.index)

.stab.indexstr
 *(.stab.indexstr)

.comment        0x0000000000000000       0x23
 *(.comment)
 .comment       0x0000000000000000       0x23 obj/default/LCD1602_Qsys.o
                                         0x24 (size before relaxing)
 .comment       0x0000000000000000       0x24 obj/default/hello_world.o
 .comment       0x0000000000000000       0x24 d:/altera/15.0/nios2eds/bin/gnu/h-x86_64-mingw32/bin/../lib/gcc/nios2-elf/4.9.1/../../../../../H-x86_64-mingw32/nios2-elf/lib\libm.a(lib_a-w_exp.o)
 .comment       0x0000000000000000       0x24 d:/altera/15.0/nios2eds/bin/gnu/h-x86_64-mingw32/bin/../lib/gcc/nios2-elf/4.9.1/../../../../../H-x86_64-mingw32/nios2-elf/lib\libm.a(lib_a-e_exp.o)
 .comment       0x0000000000000000       0x24 d:/altera/15.0/nios2eds/bin/gnu/h-x86_64-mingw32/bin/../lib/gcc/nios2-elf/4.9.1/../../../../../H-x86_64-mingw32/nios2-elf/lib\libm.a(lib_a-s_finite.o)
 .comment       0x0000000000000000       0x24 d:/altera/15.0/nios2eds/bin/gnu/h-x86_64-mingw32/bin/../lib/gcc/nios2-elf/4.9.1/../../../../../H-x86_64-mingw32/nios2-elf/lib\libm.a(lib_a-s_lib_ver.o)
 .comment       0x0000000000000000       0x24 d:/altera/15.0/nios2eds/bin/gnu/h-x86_64-mingw32/bin/../lib/gcc/nios2-elf/4.9.1/../../../../../H-x86_64-mingw32/nios2-elf/lib\libm.a(lib_a-s_matherr.o)
 .comment       0x0000000000000000       0x24 d:/altera/15.0/nios2eds/bin/gnu/h-x86_64-mingw32/bin/../lib/gcc/nios2-elf/4.9.1\libgcc.a(lib2-divmod.o)
 .comment       0x0000000000000000       0x24 d:/altera/15.0/nios2eds/bin/gnu/h-x86_64-mingw32/bin/../lib/gcc/nios2-elf/4.9.1\libgcc.a(adddf3.o)
 .comment       0x0000000000000000       0x24 d:/altera/15.0/nios2eds/bin/gnu/h-x86_64-mingw32/bin/../lib/gcc/nios2-elf/4.9.1\libgcc.a(divdf3.o)
 .comment       0x0000000000000000       0x24 d:/altera/15.0/nios2eds/bin/gnu/h-x86_64-mingw32/bin/../lib/gcc/nios2-elf/4.9.1\libgcc.a(gedf2.o)
 .comment       0x0000000000000000       0x24 d:/altera/15.0/nios2eds/bin/gnu/h-x86_64-mingw32/bin/../lib/gcc/nios2-elf/4.9.1\libgcc.a(ledf2.o)
 .comment       0x0000000000000000       0x24 d:/altera/15.0/nios2eds/bin/gnu/h-x86_64-mingw32/bin/../lib/gcc/nios2-elf/4.9.1\libgcc.a(muldf3.o)
 .comment       0x0000000000000000       0x24 d:/altera/15.0/nios2eds/bin/gnu/h-x86_64-mingw32/bin/../lib/gcc/nios2-elf/4.9.1\libgcc.a(subdf3.o)
 .comment       0x0000000000000000       0x24 d:/altera/15.0/nios2eds/bin/gnu/h-x86_64-mingw32/bin/../lib/gcc/nios2-elf/4.9.1\libgcc.a(fixdfsi.o)
 .comment       0x0000000000000000       0x24 d:/altera/15.0/nios2eds/bin/gnu/h-x86_64-mingw32/bin/../lib/gcc/nios2-elf/4.9.1\libgcc.a(floatsidf.o)
 .comment       0x0000000000000000       0x24 d:/altera/15.0/nios2eds/bin/gnu/h-x86_64-mingw32/bin/../lib/gcc/nios2-elf/4.9.1\libgcc.a(_clzsi2.o)
 .comment       0x0000000000000000       0x24 d:/altera/15.0/nios2eds/bin/gnu/h-x86_64-mingw32/bin/../lib/gcc/nios2-elf/4.9.1\libgcc.a(_clz.o)
 .comment       0x0000000000000000       0x24 d:/altera/15.0/nios2eds/bin/gnu/h-x86_64-mingw32/bin/../lib/gcc/nios2-elf/4.9.1/../../../../../H-x86_64-mingw32/nios2-elf/lib\libsmallc.a(lib_a-errno.o)
 .comment       0x0000000000000000       0x24 d:/altera/15.0/nios2eds/bin/gnu/h-x86_64-mingw32/bin/../lib/gcc/nios2-elf/4.9.1/../../../../../H-x86_64-mingw32/nios2-elf/lib\libsmallc.a(lib_a-impure.o)
 .comment       0x0000000000000000       0x24 d:/altera/15.0/nios2eds/bin/gnu/h-x86_64-mingw32/bin/../lib/gcc/nios2-elf/4.9.1/../../../../../H-x86_64-mingw32/nios2-elf/lib\libsmallc.a(lib_a-printf.o)
 .comment       0x0000000000000000       0x24 d:/altera/15.0/nios2eds/bin/gnu/h-x86_64-mingw32/bin/../lib/gcc/nios2-elf/4.9.1/../../../../../H-x86_64-mingw32/nios2-elf/lib\libsmallc.a(lib_a-puts.o)
 .comment       0x0000000000000000       0x24 d:/altera/15.0/nios2eds/bin/gnu/h-x86_64-mingw32/bin/../lib/gcc/nios2-elf/4.9.1/../../../../../H-x86_64-mingw32/nios2-elf/lib\libsmallc.a(lib_a-strlen.o)
 .comment       0x0000000000000000       0x24 d:/altera/15.0/nios2eds/bin/gnu/h-x86_64-mingw32/bin/../lib/gcc/nios2-elf/4.9.1/../../../../../H-x86_64-mingw32/nios2-elf/lib\libsmallc.a(lib_a-vfprintf.o)
 .comment       0x0000000000000000       0x24 d:/altera/15.0/nios2eds/bin/gnu/h-x86_64-mingw32/bin/../lib/gcc/nios2-elf/4.9.1/../../../../../H-x86_64-mingw32/nios2-elf/lib\libsmallc.a(lib_a-fvwrite_small_dev.o)
 .comment       0x0000000000000000       0x24 d:/altera/15.0/nios2eds/bin/gnu/h-x86_64-mingw32/bin/../lib/gcc/nios2-elf/4.9.1/../../../../../H-x86_64-mingw32/nios2-elf/lib\libsmallc.a(lib_a-writer.o)
 .comment       0x0000000000000000       0x24 d:/altera/15.0/nios2eds/bin/gnu/h-x86_64-mingw32/bin/../lib/gcc/nios2-elf/4.9.1/../../../../../H-x86_64-mingw32/nios2-elf/lib\libsmallc.a(lib_a-int_errno.o)
 .comment       0x0000000000000000       0x24 ../CNN_MNIST_bsp/\libhal_bsp.a(alt_load.o)
 .comment       0x0000000000000000       0x24 ../CNN_MNIST_bsp/\libhal_bsp.a(alt_main.o)
 .comment       0x0000000000000000       0x24 ../CNN_MNIST_bsp/\libhal_bsp.a(alt_write.o)
 .comment       0x0000000000000000       0x24 ../CNN_MNIST_bsp/\libhal_bsp.a(alt_sys_init.o)
 .comment       0x0000000000000000       0x24 ../CNN_MNIST_bsp/\libhal_bsp.a(altera_avalon_jtag_uart_fd.o)
 .comment       0x0000000000000000       0x24 ../CNN_MNIST_bsp/\libhal_bsp.a(altera_avalon_jtag_uart_read.o)
 .comment       0x0000000000000000       0x24 ../CNN_MNIST_bsp/\libhal_bsp.a(altera_avalon_jtag_uart_write.o)
 .comment       0x0000000000000000       0x24 ../CNN_MNIST_bsp/\libhal_bsp.a(alt_close.o)
 .comment       0x0000000000000000       0x24 ../CNN_MNIST_bsp/\libhal_bsp.a(alt_dcache_flush_all.o)
 .comment       0x0000000000000000       0x24 ../CNN_MNIST_bsp/\libhal_bsp.a(alt_dev.o)
 .comment       0x0000000000000000       0x24 ../CNN_MNIST_bsp/\libhal_bsp.a(alt_dev_llist_insert.o)
 .comment       0x0000000000000000       0x24 ../CNN_MNIST_bsp/\libhal_bsp.a(alt_errno.o)
 .comment       0x0000000000000000       0x24 ../CNN_MNIST_bsp/\libhal_bsp.a(alt_icache_flush_all.o)
 .comment       0x0000000000000000       0x24 ../CNN_MNIST_bsp/\libhal_bsp.a(alt_io_redirect.o)
 .comment       0x0000000000000000       0x24 ../CNN_MNIST_bsp/\libhal_bsp.a(alt_open.o)
 .comment       0x0000000000000000       0x24 ../CNN_MNIST_bsp/\libhal_bsp.a(alt_release_fd.o)
 .comment       0x0000000000000000       0x24 ../CNN_MNIST_bsp/\libhal_bsp.a(altera_nios2_gen2_irq.o)
 .comment       0x0000000000000000       0x24 ../CNN_MNIST_bsp/\libhal_bsp.a(alt_find_dev.o)
 .comment       0x0000000000000000       0x24 ../CNN_MNIST_bsp/\libhal_bsp.a(alt_find_file.o)
 .comment       0x0000000000000000       0x24 ../CNN_MNIST_bsp/\libhal_bsp.a(alt_get_fd.o)
 .comment       0x0000000000000000       0x24 ../CNN_MNIST_bsp/\libhal_bsp.a(alt_icache_flush.o)
 .comment       0x0000000000000000       0x24 d:/altera/15.0/nios2eds/bin/gnu/h-x86_64-mingw32/bin/../lib/gcc/nios2-elf/4.9.1/../../../../../H-x86_64-mingw32/nios2-elf/lib\libsmallc.a(lib_a-exit.o)
 .comment       0x0000000000000000       0x24 d:/altera/15.0/nios2eds/bin/gnu/h-x86_64-mingw32/bin/../lib/gcc/nios2-elf/4.9.1/../../../../../H-x86_64-mingw32/nios2-elf/lib\libsmallc.a(lib_a-memcmp.o)
 .comment       0x0000000000000000       0x24 d:/altera/15.0/nios2eds/bin/gnu/h-x86_64-mingw32/bin/../lib/gcc/nios2-elf/4.9.1/../../../../../H-x86_64-mingw32/nios2-elf/lib\libsmallc.a(lib_a-__call_atexit.o)
 .comment       0x0000000000000000       0x24 ../CNN_MNIST_bsp/\libhal_bsp.a(alt_exit.o)

.debug
 *(.debug)

.line
 *(.line)

.debug_srcinfo
 *(.debug_srcinfo)

.debug_sfnames
 *(.debug_sfnames)

.debug_aranges  0x0000000000000000      0x680
 *(.debug_aranges)
 .debug_aranges
                0x0000000000000000       0x28 ../CNN_MNIST_bsp//obj/HAL/src/crt0.o
 .debug_aranges
                0x0000000000000028       0x20 obj/default/LCD1602_Qsys.o
 .debug_aranges
                0x0000000000000048       0x20 obj/default/hello_world.o
 .debug_aranges
                0x0000000000000068       0x20 d:/altera/15.0/nios2eds/bin/gnu/h-x86_64-mingw32/bin/../lib/gcc/nios2-elf/4.9.1/../../../../../H-x86_64-mingw32/nios2-elf/lib\libm.a(lib_a-w_exp.o)
 .debug_aranges
                0x0000000000000088       0x20 d:/altera/15.0/nios2eds/bin/gnu/h-x86_64-mingw32/bin/../lib/gcc/nios2-elf/4.9.1/../../../../../H-x86_64-mingw32/nios2-elf/lib\libm.a(lib_a-e_exp.o)
 .debug_aranges
                0x00000000000000a8       0x20 d:/altera/15.0/nios2eds/bin/gnu/h-x86_64-mingw32/bin/../lib/gcc/nios2-elf/4.9.1/../../../../../H-x86_64-mingw32/nios2-elf/lib\libm.a(lib_a-s_finite.o)
 .debug_aranges
                0x00000000000000c8       0x18 d:/altera/15.0/nios2eds/bin/gnu/h-x86_64-mingw32/bin/../lib/gcc/nios2-elf/4.9.1/../../../../../H-x86_64-mingw32/nios2-elf/lib\libm.a(lib_a-s_lib_ver.o)
 .debug_aranges
                0x00000000000000e0       0x20 d:/altera/15.0/nios2eds/bin/gnu/h-x86_64-mingw32/bin/../lib/gcc/nios2-elf/4.9.1/../../../../../H-x86_64-mingw32/nios2-elf/lib\libm.a(lib_a-s_matherr.o)
 .debug_aranges
                0x0000000000000100       0x20 d:/altera/15.0/nios2eds/bin/gnu/h-x86_64-mingw32/bin/../lib/gcc/nios2-elf/4.9.1\libgcc.a(lib2-divmod.o)
 .debug_aranges
                0x0000000000000120       0x20 d:/altera/15.0/nios2eds/bin/gnu/h-x86_64-mingw32/bin/../lib/gcc/nios2-elf/4.9.1\libgcc.a(adddf3.o)
 .debug_aranges
                0x0000000000000140       0x20 d:/altera/15.0/nios2eds/bin/gnu/h-x86_64-mingw32/bin/../lib/gcc/nios2-elf/4.9.1\libgcc.a(divdf3.o)
 .debug_aranges
                0x0000000000000160       0x20 d:/altera/15.0/nios2eds/bin/gnu/h-x86_64-mingw32/bin/../lib/gcc/nios2-elf/4.9.1\libgcc.a(gedf2.o)
 .debug_aranges
                0x0000000000000180       0x20 d:/altera/15.0/nios2eds/bin/gnu/h-x86_64-mingw32/bin/../lib/gcc/nios2-elf/4.9.1\libgcc.a(ledf2.o)
 .debug_aranges
                0x00000000000001a0       0x20 d:/altera/15.0/nios2eds/bin/gnu/h-x86_64-mingw32/bin/../lib/gcc/nios2-elf/4.9.1\libgcc.a(muldf3.o)
 .debug_aranges
                0x00000000000001c0       0x20 d:/altera/15.0/nios2eds/bin/gnu/h-x86_64-mingw32/bin/../lib/gcc/nios2-elf/4.9.1\libgcc.a(subdf3.o)
 .debug_aranges
                0x00000000000001e0       0x20 d:/altera/15.0/nios2eds/bin/gnu/h-x86_64-mingw32/bin/../lib/gcc/nios2-elf/4.9.1\libgcc.a(fixdfsi.o)
 .debug_aranges
                0x0000000000000200       0x20 d:/altera/15.0/nios2eds/bin/gnu/h-x86_64-mingw32/bin/../lib/gcc/nios2-elf/4.9.1\libgcc.a(floatsidf.o)
 .debug_aranges
                0x0000000000000220       0x20 d:/altera/15.0/nios2eds/bin/gnu/h-x86_64-mingw32/bin/../lib/gcc/nios2-elf/4.9.1\libgcc.a(_clzsi2.o)
 .debug_aranges
                0x0000000000000240       0x18 d:/altera/15.0/nios2eds/bin/gnu/h-x86_64-mingw32/bin/../lib/gcc/nios2-elf/4.9.1\libgcc.a(_clz.o)
 .debug_aranges
                0x0000000000000258       0x20 d:/altera/15.0/nios2eds/bin/gnu/h-x86_64-mingw32/bin/../lib/gcc/nios2-elf/4.9.1/../../../../../H-x86_64-mingw32/nios2-elf/lib\libsmallc.a(lib_a-errno.o)
 .debug_aranges
                0x0000000000000278       0x18 d:/altera/15.0/nios2eds/bin/gnu/h-x86_64-mingw32/bin/../lib/gcc/nios2-elf/4.9.1/../../../../../H-x86_64-mingw32/nios2-elf/lib\libsmallc.a(lib_a-impure.o)
 .debug_aranges
                0x0000000000000290       0x20 d:/altera/15.0/nios2eds/bin/gnu/h-x86_64-mingw32/bin/../lib/gcc/nios2-elf/4.9.1/../../../../../H-x86_64-mingw32/nios2-elf/lib\libsmallc.a(lib_a-printf.o)
 .debug_aranges
                0x00000000000002b0       0x20 d:/altera/15.0/nios2eds/bin/gnu/h-x86_64-mingw32/bin/../lib/gcc/nios2-elf/4.9.1/../../../../../H-x86_64-mingw32/nios2-elf/lib\libsmallc.a(lib_a-puts.o)
 .debug_aranges
                0x00000000000002d0       0x20 d:/altera/15.0/nios2eds/bin/gnu/h-x86_64-mingw32/bin/../lib/gcc/nios2-elf/4.9.1/../../../../../H-x86_64-mingw32/nios2-elf/lib\libsmallc.a(lib_a-strlen.o)
 .debug_aranges
                0x00000000000002f0       0x20 d:/altera/15.0/nios2eds/bin/gnu/h-x86_64-mingw32/bin/../lib/gcc/nios2-elf/4.9.1/../../../../../H-x86_64-mingw32/nios2-elf/lib\libsmallc.a(lib_a-vfprintf.o)
 .debug_aranges
                0x0000000000000310       0x20 d:/altera/15.0/nios2eds/bin/gnu/h-x86_64-mingw32/bin/../lib/gcc/nios2-elf/4.9.1/../../../../../H-x86_64-mingw32/nios2-elf/lib\libsmallc.a(lib_a-fvwrite_small_dev.o)
 .debug_aranges
                0x0000000000000330       0x20 d:/altera/15.0/nios2eds/bin/gnu/h-x86_64-mingw32/bin/../lib/gcc/nios2-elf/4.9.1/../../../../../H-x86_64-mingw32/nios2-elf/lib\libsmallc.a(lib_a-writer.o)
 .debug_aranges
                0x0000000000000350       0x18 d:/altera/15.0/nios2eds/bin/gnu/h-x86_64-mingw32/bin/../lib/gcc/nios2-elf/4.9.1/../../../../../H-x86_64-mingw32/nios2-elf/lib\libsmallc.a(lib_a-int_errno.o)
 .debug_aranges
                0x0000000000000368       0x20 ../CNN_MNIST_bsp/\libhal_bsp.a(alt_load.o)
 .debug_aranges
                0x0000000000000388       0x20 ../CNN_MNIST_bsp/\libhal_bsp.a(alt_main.o)
 .debug_aranges
                0x00000000000003a8       0x20 ../CNN_MNIST_bsp/\libhal_bsp.a(alt_write.o)
 .debug_aranges
                0x00000000000003c8       0x20 ../CNN_MNIST_bsp/\libhal_bsp.a(alt_sys_init.o)
 .debug_aranges
                0x00000000000003e8       0x20 ../CNN_MNIST_bsp/\libhal_bsp.a(altera_avalon_jtag_uart_fd.o)
 .debug_aranges
                0x0000000000000408       0x20 ../CNN_MNIST_bsp/\libhal_bsp.a(altera_avalon_jtag_uart_read.o)
 .debug_aranges
                0x0000000000000428       0x20 ../CNN_MNIST_bsp/\libhal_bsp.a(altera_avalon_jtag_uart_write.o)
 .debug_aranges
                0x0000000000000448       0x20 ../CNN_MNIST_bsp/\libhal_bsp.a(alt_close.o)
 .debug_aranges
                0x0000000000000468       0x20 ../CNN_MNIST_bsp/\libhal_bsp.a(alt_dcache_flush_all.o)
 .debug_aranges
                0x0000000000000488       0x20 ../CNN_MNIST_bsp/\libhal_bsp.a(alt_dev.o)
 .debug_aranges
                0x00000000000004a8       0x20 ../CNN_MNIST_bsp/\libhal_bsp.a(alt_dev_llist_insert.o)
 .debug_aranges
                0x00000000000004c8       0x18 ../CNN_MNIST_bsp/\libhal_bsp.a(alt_errno.o)
 .debug_aranges
                0x00000000000004e0       0x20 ../CNN_MNIST_bsp/\libhal_bsp.a(alt_icache_flush_all.o)
 .debug_aranges
                0x0000000000000500       0x20 ../CNN_MNIST_bsp/\libhal_bsp.a(alt_io_redirect.o)
 .debug_aranges
                0x0000000000000520       0x20 ../CNN_MNIST_bsp/\libhal_bsp.a(alt_open.o)
 .debug_aranges
                0x0000000000000540       0x20 ../CNN_MNIST_bsp/\libhal_bsp.a(alt_release_fd.o)
 .debug_aranges
                0x0000000000000560       0x20 ../CNN_MNIST_bsp/\libhal_bsp.a(altera_nios2_gen2_irq.o)
 .debug_aranges
                0x0000000000000580       0x20 ../CNN_MNIST_bsp/\libhal_bsp.a(alt_find_dev.o)
 .debug_aranges
                0x00000000000005a0       0x20 ../CNN_MNIST_bsp/\libhal_bsp.a(alt_find_file.o)
 .debug_aranges
                0x00000000000005c0       0x20 ../CNN_MNIST_bsp/\libhal_bsp.a(alt_get_fd.o)
 .debug_aranges
                0x00000000000005e0       0x20 ../CNN_MNIST_bsp/\libhal_bsp.a(alt_icache_flush.o)
 .debug_aranges
                0x0000000000000600       0x20 d:/altera/15.0/nios2eds/bin/gnu/h-x86_64-mingw32/bin/../lib/gcc/nios2-elf/4.9.1/../../../../../H-x86_64-mingw32/nios2-elf/lib\libsmallc.a(lib_a-exit.o)
 .debug_aranges
                0x0000000000000620       0x20 d:/altera/15.0/nios2eds/bin/gnu/h-x86_64-mingw32/bin/../lib/gcc/nios2-elf/4.9.1/../../../../../H-x86_64-mingw32/nios2-elf/lib\libsmallc.a(lib_a-memcmp.o)
 .debug_aranges
                0x0000000000000640       0x20 d:/altera/15.0/nios2eds/bin/gnu/h-x86_64-mingw32/bin/../lib/gcc/nios2-elf/4.9.1/../../../../../H-x86_64-mingw32/nios2-elf/lib\libsmallc.a(lib_a-__call_atexit.o)
 .debug_aranges
                0x0000000000000660       0x20 ../CNN_MNIST_bsp/\libhal_bsp.a(alt_exit.o)

.debug_pubnames
 *(.debug_pubnames)

.debug_info     0x0000000000000000     0xa6fd
 *(.debug_info .gnu.linkonce.wi.*)
 .debug_info    0x0000000000000000       0x59 ../CNN_MNIST_bsp//obj/HAL/src/crt0.o
 .debug_info    0x0000000000000059      0x11b obj/default/LCD1602_Qsys.o
 .debug_info    0x0000000000000174      0xa09 obj/default/hello_world.o
 .debug_info    0x0000000000000b7d      0x234 d:/altera/15.0/nios2eds/bin/gnu/h-x86_64-mingw32/bin/../lib/gcc/nios2-elf/4.9.1/../../../../../H-x86_64-mingw32/nios2-elf/lib\libm.a(lib_a-w_exp.o)
 .debug_info    0x0000000000000db1      0x32f d:/altera/15.0/nios2eds/bin/gnu/h-x86_64-mingw32/bin/../lib/gcc/nios2-elf/4.9.1/../../../../../H-x86_64-mingw32/nios2-elf/lib\libm.a(lib_a-e_exp.o)
 .debug_info    0x00000000000010e0       0xd9 d:/altera/15.0/nios2eds/bin/gnu/h-x86_64-mingw32/bin/../lib/gcc/nios2-elf/4.9.1/../../../../../H-x86_64-mingw32/nios2-elf/lib\libm.a(lib_a-s_finite.o)
 .debug_info    0x00000000000011b9       0xbe d:/altera/15.0/nios2eds/bin/gnu/h-x86_64-mingw32/bin/../lib/gcc/nios2-elf/4.9.1/../../../../../H-x86_64-mingw32/nios2-elf/lib\libm.a(lib_a-s_lib_ver.o)
 .debug_info    0x0000000000001277      0x127 d:/altera/15.0/nios2eds/bin/gnu/h-x86_64-mingw32/bin/../lib/gcc/nios2-elf/4.9.1/../../../../../H-x86_64-mingw32/nios2-elf/lib\libm.a(lib_a-s_matherr.o)
 .debug_info    0x000000000000139e      0x234 d:/altera/15.0/nios2eds/bin/gnu/h-x86_64-mingw32/bin/../lib/gcc/nios2-elf/4.9.1\libgcc.a(lib2-divmod.o)
 .debug_info    0x00000000000015d2      0x485 d:/altera/15.0/nios2eds/bin/gnu/h-x86_64-mingw32/bin/../lib/gcc/nios2-elf/4.9.1\libgcc.a(adddf3.o)
 .debug_info    0x0000000000001a57      0x5c6 d:/altera/15.0/nios2eds/bin/gnu/h-x86_64-mingw32/bin/../lib/gcc/nios2-elf/4.9.1\libgcc.a(divdf3.o)
 .debug_info    0x000000000000201d      0x202 d:/altera/15.0/nios2eds/bin/gnu/h-x86_64-mingw32/bin/../lib/gcc/nios2-elf/4.9.1\libgcc.a(gedf2.o)
 .debug_info    0x000000000000221f      0x202 d:/altera/15.0/nios2eds/bin/gnu/h-x86_64-mingw32/bin/../lib/gcc/nios2-elf/4.9.1\libgcc.a(ledf2.o)
 .debug_info    0x0000000000002421      0x5f2 d:/altera/15.0/nios2eds/bin/gnu/h-x86_64-mingw32/bin/../lib/gcc/nios2-elf/4.9.1\libgcc.a(muldf3.o)
 .debug_info    0x0000000000002a13      0x4a2 d:/altera/15.0/nios2eds/bin/gnu/h-x86_64-mingw32/bin/../lib/gcc/nios2-elf/4.9.1\libgcc.a(subdf3.o)
 .debug_info    0x0000000000002eb5      0x1a6 d:/altera/15.0/nios2eds/bin/gnu/h-x86_64-mingw32/bin/../lib/gcc/nios2-elf/4.9.1\libgcc.a(fixdfsi.o)
 .debug_info    0x000000000000305b      0x1b6 d:/altera/15.0/nios2eds/bin/gnu/h-x86_64-mingw32/bin/../lib/gcc/nios2-elf/4.9.1\libgcc.a(floatsidf.o)
 .debug_info    0x0000000000003211      0x11d d:/altera/15.0/nios2eds/bin/gnu/h-x86_64-mingw32/bin/../lib/gcc/nios2-elf/4.9.1\libgcc.a(_clzsi2.o)
 .debug_info    0x000000000000332e       0xab d:/altera/15.0/nios2eds/bin/gnu/h-x86_64-mingw32/bin/../lib/gcc/nios2-elf/4.9.1\libgcc.a(_clz.o)
 .debug_info    0x00000000000033d9      0x59c d:/altera/15.0/nios2eds/bin/gnu/h-x86_64-mingw32/bin/../lib/gcc/nios2-elf/4.9.1/../../../../../H-x86_64-mingw32/nios2-elf/lib\libsmallc.a(lib_a-errno.o)
 .debug_info    0x0000000000003975      0x5a7 d:/altera/15.0/nios2eds/bin/gnu/h-x86_64-mingw32/bin/../lib/gcc/nios2-elf/4.9.1/../../../../../H-x86_64-mingw32/nios2-elf/lib\libsmallc.a(lib_a-impure.o)
 .debug_info    0x0000000000003f1c      0x6c7 d:/altera/15.0/nios2eds/bin/gnu/h-x86_64-mingw32/bin/../lib/gcc/nios2-elf/4.9.1/../../../../../H-x86_64-mingw32/nios2-elf/lib\libsmallc.a(lib_a-printf.o)
 .debug_info    0x00000000000045e3      0x685 d:/altera/15.0/nios2eds/bin/gnu/h-x86_64-mingw32/bin/../lib/gcc/nios2-elf/4.9.1/../../../../../H-x86_64-mingw32/nios2-elf/lib\libsmallc.a(lib_a-puts.o)
 .debug_info    0x0000000000004c68       0xc2 d:/altera/15.0/nios2eds/bin/gnu/h-x86_64-mingw32/bin/../lib/gcc/nios2-elf/4.9.1/../../../../../H-x86_64-mingw32/nios2-elf/lib\libsmallc.a(lib_a-strlen.o)
 .debug_info    0x0000000000004d2a      0xb49 d:/altera/15.0/nios2eds/bin/gnu/h-x86_64-mingw32/bin/../lib/gcc/nios2-elf/4.9.1/../../../../../H-x86_64-mingw32/nios2-elf/lib\libsmallc.a(lib_a-vfprintf.o)
 .debug_info    0x0000000000005873      0x656 d:/altera/15.0/nios2eds/bin/gnu/h-x86_64-mingw32/bin/../lib/gcc/nios2-elf/4.9.1/../../../../../H-x86_64-mingw32/nios2-elf/lib\libsmallc.a(lib_a-fvwrite_small_dev.o)
 .debug_info    0x0000000000005ec9      0x639 d:/altera/15.0/nios2eds/bin/gnu/h-x86_64-mingw32/bin/../lib/gcc/nios2-elf/4.9.1/../../../../../H-x86_64-mingw32/nios2-elf/lib\libsmallc.a(lib_a-writer.o)
 .debug_info    0x0000000000006502       0x83 d:/altera/15.0/nios2eds/bin/gnu/h-x86_64-mingw32/bin/../lib/gcc/nios2-elf/4.9.1/../../../../../H-x86_64-mingw32/nios2-elf/lib\libsmallc.a(lib_a-int_errno.o)
 .debug_info    0x0000000000006585      0x1d6 ../CNN_MNIST_bsp/\libhal_bsp.a(alt_load.o)
 .debug_info    0x000000000000675b      0x226 ../CNN_MNIST_bsp/\libhal_bsp.a(alt_main.o)
 .debug_info    0x0000000000006981      0x4fa ../CNN_MNIST_bsp/\libhal_bsp.a(alt_write.o)
 .debug_info    0x0000000000006e7b      0x42e ../CNN_MNIST_bsp/\libhal_bsp.a(alt_sys_init.o)
 .debug_info    0x00000000000072a9      0x426 ../CNN_MNIST_bsp/\libhal_bsp.a(altera_avalon_jtag_uart_fd.o)
 .debug_info    0x00000000000076cf      0x1b3 ../CNN_MNIST_bsp/\libhal_bsp.a(altera_avalon_jtag_uart_read.o)
 .debug_info    0x0000000000007882      0x194 ../CNN_MNIST_bsp/\libhal_bsp.a(altera_avalon_jtag_uart_write.o)
 .debug_info    0x0000000000007a16      0x379 ../CNN_MNIST_bsp/\libhal_bsp.a(alt_close.o)
 .debug_info    0x0000000000007d8f       0x8f ../CNN_MNIST_bsp/\libhal_bsp.a(alt_dcache_flush_all.o)
 .debug_info    0x0000000000007e1e      0x496 ../CNN_MNIST_bsp/\libhal_bsp.a(alt_dev.o)
 .debug_info    0x00000000000082b4      0x1b0 ../CNN_MNIST_bsp/\libhal_bsp.a(alt_dev_llist_insert.o)
 .debug_info    0x0000000000008464       0xa3 ../CNN_MNIST_bsp/\libhal_bsp.a(alt_errno.o)
 .debug_info    0x0000000000008507       0xc9 ../CNN_MNIST_bsp/\libhal_bsp.a(alt_icache_flush_all.o)
 .debug_info    0x00000000000085d0      0x56c ../CNN_MNIST_bsp/\libhal_bsp.a(alt_io_redirect.o)
 .debug_info    0x0000000000008b3c      0x4b0 ../CNN_MNIST_bsp/\libhal_bsp.a(alt_open.o)
 .debug_info    0x0000000000008fec      0x2b5 ../CNN_MNIST_bsp/\libhal_bsp.a(alt_release_fd.o)
 .debug_info    0x00000000000092a1       0x8f ../CNN_MNIST_bsp/\libhal_bsp.a(altera_nios2_gen2_irq.o)
 .debug_info    0x0000000000009330      0x35a ../CNN_MNIST_bsp/\libhal_bsp.a(alt_find_dev.o)
 .debug_info    0x000000000000968a      0x356 ../CNN_MNIST_bsp/\libhal_bsp.a(alt_find_file.o)
 .debug_info    0x00000000000099e0      0x30e ../CNN_MNIST_bsp/\libhal_bsp.a(alt_get_fd.o)
 .debug_info    0x0000000000009cee       0xdb ../CNN_MNIST_bsp/\libhal_bsp.a(alt_icache_flush.o)
 .debug_info    0x0000000000009dc9       0xed d:/altera/15.0/nios2eds/bin/gnu/h-x86_64-mingw32/bin/../lib/gcc/nios2-elf/4.9.1/../../../../../H-x86_64-mingw32/nios2-elf/lib\libsmallc.a(lib_a-exit.o)
 .debug_info    0x0000000000009eb6       0xed d:/altera/15.0/nios2eds/bin/gnu/h-x86_64-mingw32/bin/../lib/gcc/nios2-elf/4.9.1/../../../../../H-x86_64-mingw32/nios2-elf/lib\libsmallc.a(lib_a-memcmp.o)
 .debug_info    0x0000000000009fa3      0x673 d:/altera/15.0/nios2eds/bin/gnu/h-x86_64-mingw32/bin/../lib/gcc/nios2-elf/4.9.1/../../../../../H-x86_64-mingw32/nios2-elf/lib\libsmallc.a(lib_a-__call_atexit.o)
 .debug_info    0x000000000000a616       0xe7 ../CNN_MNIST_bsp/\libhal_bsp.a(alt_exit.o)

.debug_abbrev   0x0000000000000000     0x378a
 *(.debug_abbrev)
 .debug_abbrev  0x0000000000000000       0x12 ../CNN_MNIST_bsp//obj/HAL/src/crt0.o
 .debug_abbrev  0x0000000000000012       0xa7 obj/default/LCD1602_Qsys.o
 .debug_abbrev  0x00000000000000b9      0x15c obj/default/hello_world.o
 .debug_abbrev  0x0000000000000215      0x150 d:/altera/15.0/nios2eds/bin/gnu/h-x86_64-mingw32/bin/../lib/gcc/nios2-elf/4.9.1/../../../../../H-x86_64-mingw32/nios2-elf/lib\libm.a(lib_a-w_exp.o)
 .debug_abbrev  0x0000000000000365      0x124 d:/altera/15.0/nios2eds/bin/gnu/h-x86_64-mingw32/bin/../lib/gcc/nios2-elf/4.9.1/../../../../../H-x86_64-mingw32/nios2-elf/lib\libm.a(lib_a-e_exp.o)
 .debug_abbrev  0x0000000000000489       0x6f d:/altera/15.0/nios2eds/bin/gnu/h-x86_64-mingw32/bin/../lib/gcc/nios2-elf/4.9.1/../../../../../H-x86_64-mingw32/nios2-elf/lib\libm.a(lib_a-s_finite.o)
 .debug_abbrev  0x00000000000004f8       0x4f d:/altera/15.0/nios2eds/bin/gnu/h-x86_64-mingw32/bin/../lib/gcc/nios2-elf/4.9.1/../../../../../H-x86_64-mingw32/nios2-elf/lib\libm.a(lib_a-s_lib_ver.o)
 .debug_abbrev  0x0000000000000547       0x9a d:/altera/15.0/nios2eds/bin/gnu/h-x86_64-mingw32/bin/../lib/gcc/nios2-elf/4.9.1/../../../../../H-x86_64-mingw32/nios2-elf/lib\libm.a(lib_a-s_matherr.o)
 .debug_abbrev  0x00000000000005e1       0xd9 d:/altera/15.0/nios2eds/bin/gnu/h-x86_64-mingw32/bin/../lib/gcc/nios2-elf/4.9.1\libgcc.a(lib2-divmod.o)
 .debug_abbrev  0x00000000000006ba      0x13a d:/altera/15.0/nios2eds/bin/gnu/h-x86_64-mingw32/bin/../lib/gcc/nios2-elf/4.9.1\libgcc.a(adddf3.o)
 .debug_abbrev  0x00000000000007f4      0x120 d:/altera/15.0/nios2eds/bin/gnu/h-x86_64-mingw32/bin/../lib/gcc/nios2-elf/4.9.1\libgcc.a(divdf3.o)
 .debug_abbrev  0x0000000000000914      0x137 d:/altera/15.0/nios2eds/bin/gnu/h-x86_64-mingw32/bin/../lib/gcc/nios2-elf/4.9.1\libgcc.a(gedf2.o)
 .debug_abbrev  0x0000000000000a4b      0x137 d:/altera/15.0/nios2eds/bin/gnu/h-x86_64-mingw32/bin/../lib/gcc/nios2-elf/4.9.1\libgcc.a(ledf2.o)
 .debug_abbrev  0x0000000000000b82      0x132 d:/altera/15.0/nios2eds/bin/gnu/h-x86_64-mingw32/bin/../lib/gcc/nios2-elf/4.9.1\libgcc.a(muldf3.o)
 .debug_abbrev  0x0000000000000cb4      0x133 d:/altera/15.0/nios2eds/bin/gnu/h-x86_64-mingw32/bin/../lib/gcc/nios2-elf/4.9.1\libgcc.a(subdf3.o)
 .debug_abbrev  0x0000000000000de7      0x119 d:/altera/15.0/nios2eds/bin/gnu/h-x86_64-mingw32/bin/../lib/gcc/nios2-elf/4.9.1\libgcc.a(fixdfsi.o)
 .debug_abbrev  0x0000000000000f00      0x11e d:/altera/15.0/nios2eds/bin/gnu/h-x86_64-mingw32/bin/../lib/gcc/nios2-elf/4.9.1\libgcc.a(floatsidf.o)
 .debug_abbrev  0x000000000000101e       0xbe d:/altera/15.0/nios2eds/bin/gnu/h-x86_64-mingw32/bin/../lib/gcc/nios2-elf/4.9.1\libgcc.a(_clzsi2.o)
 .debug_abbrev  0x00000000000010dc       0x5d d:/altera/15.0/nios2eds/bin/gnu/h-x86_64-mingw32/bin/../lib/gcc/nios2-elf/4.9.1\libgcc.a(_clz.o)
 .debug_abbrev  0x0000000000001139      0x159 d:/altera/15.0/nios2eds/bin/gnu/h-x86_64-mingw32/bin/../lib/gcc/nios2-elf/4.9.1/../../../../../H-x86_64-mingw32/nios2-elf/lib\libsmallc.a(lib_a-errno.o)
 .debug_abbrev  0x0000000000001292      0x14a d:/altera/15.0/nios2eds/bin/gnu/h-x86_64-mingw32/bin/../lib/gcc/nios2-elf/4.9.1/../../../../../H-x86_64-mingw32/nios2-elf/lib\libsmallc.a(lib_a-impure.o)
 .debug_abbrev  0x00000000000013dc      0x1fe d:/altera/15.0/nios2eds/bin/gnu/h-x86_64-mingw32/bin/../lib/gcc/nios2-elf/4.9.1/../../../../../H-x86_64-mingw32/nios2-elf/lib\libsmallc.a(lib_a-printf.o)
 .debug_abbrev  0x00000000000015da      0x1ed d:/altera/15.0/nios2eds/bin/gnu/h-x86_64-mingw32/bin/../lib/gcc/nios2-elf/4.9.1/../../../../../H-x86_64-mingw32/nios2-elf/lib\libsmallc.a(lib_a-puts.o)
 .debug_abbrev  0x00000000000017c7       0x7f d:/altera/15.0/nios2eds/bin/gnu/h-x86_64-mingw32/bin/../lib/gcc/nios2-elf/4.9.1/../../../../../H-x86_64-mingw32/nios2-elf/lib\libsmallc.a(lib_a-strlen.o)
 .debug_abbrev  0x0000000000001846      0x2a1 d:/altera/15.0/nios2eds/bin/gnu/h-x86_64-mingw32/bin/../lib/gcc/nios2-elf/4.9.1/../../../../../H-x86_64-mingw32/nios2-elf/lib\libsmallc.a(lib_a-vfprintf.o)
 .debug_abbrev  0x0000000000001ae7      0x1c3 d:/altera/15.0/nios2eds/bin/gnu/h-x86_64-mingw32/bin/../lib/gcc/nios2-elf/4.9.1/../../../../../H-x86_64-mingw32/nios2-elf/lib\libsmallc.a(lib_a-fvwrite_small_dev.o)
 .debug_abbrev  0x0000000000001caa      0x1a8 d:/altera/15.0/nios2eds/bin/gnu/h-x86_64-mingw32/bin/../lib/gcc/nios2-elf/4.9.1/../../../../../H-x86_64-mingw32/nios2-elf/lib\libsmallc.a(lib_a-writer.o)
 .debug_abbrev  0x0000000000001e52       0x37 d:/altera/15.0/nios2eds/bin/gnu/h-x86_64-mingw32/bin/../lib/gcc/nios2-elf/4.9.1/../../../../../H-x86_64-mingw32/nios2-elf/lib\libsmallc.a(lib_a-int_errno.o)
 .debug_abbrev  0x0000000000001e89       0xd6 ../CNN_MNIST_bsp/\libhal_bsp.a(alt_load.o)
 .debug_abbrev  0x0000000000001f5f      0x149 ../CNN_MNIST_bsp/\libhal_bsp.a(alt_main.o)
 .debug_abbrev  0x00000000000020a8      0x153 ../CNN_MNIST_bsp/\libhal_bsp.a(alt_write.o)
 .debug_abbrev  0x00000000000021fb      0x1ab ../CNN_MNIST_bsp/\libhal_bsp.a(alt_sys_init.o)
 .debug_abbrev  0x00000000000023a6      0x139 ../CNN_MNIST_bsp/\libhal_bsp.a(altera_avalon_jtag_uart_fd.o)
 .debug_abbrev  0x00000000000024df       0xf6 ../CNN_MNIST_bsp/\libhal_bsp.a(altera_avalon_jtag_uart_read.o)
 .debug_abbrev  0x00000000000025d5       0xd8 ../CNN_MNIST_bsp/\libhal_bsp.a(altera_avalon_jtag_uart_write.o)
 .debug_abbrev  0x00000000000026ad      0x16a ../CNN_MNIST_bsp/\libhal_bsp.a(alt_close.o)
 .debug_abbrev  0x0000000000002817       0x45 ../CNN_MNIST_bsp/\libhal_bsp.a(alt_dcache_flush_all.o)
 .debug_abbrev  0x000000000000285c       0xdc ../CNN_MNIST_bsp/\libhal_bsp.a(alt_dev.o)
 .debug_abbrev  0x0000000000002938      0x11f ../CNN_MNIST_bsp/\libhal_bsp.a(alt_dev_llist_insert.o)
 .debug_abbrev  0x0000000000002a57       0x5d ../CNN_MNIST_bsp/\libhal_bsp.a(alt_errno.o)
 .debug_abbrev  0x0000000000002ab4       0x8a ../CNN_MNIST_bsp/\libhal_bsp.a(alt_icache_flush_all.o)
 .debug_abbrev  0x0000000000002b3e      0x171 ../CNN_MNIST_bsp/\libhal_bsp.a(alt_io_redirect.o)
 .debug_abbrev  0x0000000000002caf      0x1eb ../CNN_MNIST_bsp/\libhal_bsp.a(alt_open.o)
 .debug_abbrev  0x0000000000002e9a       0xe1 ../CNN_MNIST_bsp/\libhal_bsp.a(alt_release_fd.o)
 .debug_abbrev  0x0000000000002f7b       0x45 ../CNN_MNIST_bsp/\libhal_bsp.a(altera_nios2_gen2_irq.o)
 .debug_abbrev  0x0000000000002fc0      0x131 ../CNN_MNIST_bsp/\libhal_bsp.a(alt_find_dev.o)
 .debug_abbrev  0x00000000000030f1      0x131 ../CNN_MNIST_bsp/\libhal_bsp.a(alt_find_file.o)
 .debug_abbrev  0x0000000000003222      0x110 ../CNN_MNIST_bsp/\libhal_bsp.a(alt_get_fd.o)
 .debug_abbrev  0x0000000000003332       0x9e ../CNN_MNIST_bsp/\libhal_bsp.a(alt_icache_flush.o)
 .debug_abbrev  0x00000000000033d0       0xa9 d:/altera/15.0/nios2eds/bin/gnu/h-x86_64-mingw32/bin/../lib/gcc/nios2-elf/4.9.1/../../../../../H-x86_64-mingw32/nios2-elf/lib\libsmallc.a(lib_a-exit.o)
 .debug_abbrev  0x0000000000003479       0x7f d:/altera/15.0/nios2eds/bin/gnu/h-x86_64-mingw32/bin/../lib/gcc/nios2-elf/4.9.1/../../../../../H-x86_64-mingw32/nios2-elf/lib\libsmallc.a(lib_a-memcmp.o)
 .debug_abbrev  0x00000000000034f8      0x1e9 d:/altera/15.0/nios2eds/bin/gnu/h-x86_64-mingw32/bin/../lib/gcc/nios2-elf/4.9.1/../../../../../H-x86_64-mingw32/nios2-elf/lib\libsmallc.a(lib_a-__call_atexit.o)
 .debug_abbrev  0x00000000000036e1       0xa9 ../CNN_MNIST_bsp/\libhal_bsp.a(alt_exit.o)

.debug_line     0x0000000000000000     0x753f
 *(.debug_line)
 .debug_line    0x0000000000000000       0x6c ../CNN_MNIST_bsp//obj/HAL/src/crt0.o
 .debug_line    0x000000000000006c       0x97 obj/default/LCD1602_Qsys.o
 .debug_line    0x0000000000000103      0x67f obj/default/hello_world.o
 .debug_line    0x0000000000000782      0x1ba d:/altera/15.0/nios2eds/bin/gnu/h-x86_64-mingw32/bin/../lib/gcc/nios2-elf/4.9.1/../../../../../H-x86_64-mingw32/nios2-elf/lib\libm.a(lib_a-w_exp.o)
 .debug_line    0x000000000000093c      0x1a2 d:/altera/15.0/nios2eds/bin/gnu/h-x86_64-mingw32/bin/../lib/gcc/nios2-elf/4.9.1/../../../../../H-x86_64-mingw32/nios2-elf/lib\libm.a(lib_a-e_exp.o)
 .debug_line    0x0000000000000ade      0x157 d:/altera/15.0/nios2eds/bin/gnu/h-x86_64-mingw32/bin/../lib/gcc/nios2-elf/4.9.1/../../../../../H-x86_64-mingw32/nios2-elf/lib\libm.a(lib_a-s_finite.o)
 .debug_line    0x0000000000000c35       0xc9 d:/altera/15.0/nios2eds/bin/gnu/h-x86_64-mingw32/bin/../lib/gcc/nios2-elf/4.9.1/../../../../../H-x86_64-mingw32/nios2-elf/lib\libm.a(lib_a-s_lib_ver.o)
 .debug_line    0x0000000000000cfe       0xda d:/altera/15.0/nios2eds/bin/gnu/h-x86_64-mingw32/bin/../lib/gcc/nios2-elf/4.9.1/../../../../../H-x86_64-mingw32/nios2-elf/lib\libm.a(lib_a-s_matherr.o)
 .debug_line    0x0000000000000dd8       0xc4 d:/altera/15.0/nios2eds/bin/gnu/h-x86_64-mingw32/bin/../lib/gcc/nios2-elf/4.9.1\libgcc.a(lib2-divmod.o)
 .debug_line    0x0000000000000e9c      0x383 d:/altera/15.0/nios2eds/bin/gnu/h-x86_64-mingw32/bin/../lib/gcc/nios2-elf/4.9.1\libgcc.a(adddf3.o)
 .debug_line    0x000000000000121f      0x2a3 d:/altera/15.0/nios2eds/bin/gnu/h-x86_64-mingw32/bin/../lib/gcc/nios2-elf/4.9.1\libgcc.a(divdf3.o)
 .debug_line    0x00000000000014c2       0xcb d:/altera/15.0/nios2eds/bin/gnu/h-x86_64-mingw32/bin/../lib/gcc/nios2-elf/4.9.1\libgcc.a(gedf2.o)
 .debug_line    0x000000000000158d       0xca d:/altera/15.0/nios2eds/bin/gnu/h-x86_64-mingw32/bin/../lib/gcc/nios2-elf/4.9.1\libgcc.a(ledf2.o)
 .debug_line    0x0000000000001657      0x1db d:/altera/15.0/nios2eds/bin/gnu/h-x86_64-mingw32/bin/../lib/gcc/nios2-elf/4.9.1\libgcc.a(muldf3.o)
 .debug_line    0x0000000000001832      0x39e d:/altera/15.0/nios2eds/bin/gnu/h-x86_64-mingw32/bin/../lib/gcc/nios2-elf/4.9.1\libgcc.a(subdf3.o)
 .debug_line    0x0000000000001bd0       0x99 d:/altera/15.0/nios2eds/bin/gnu/h-x86_64-mingw32/bin/../lib/gcc/nios2-elf/4.9.1\libgcc.a(fixdfsi.o)
 .debug_line    0x0000000000001c69       0x9d d:/altera/15.0/nios2eds/bin/gnu/h-x86_64-mingw32/bin/../lib/gcc/nios2-elf/4.9.1\libgcc.a(floatsidf.o)
 .debug_line    0x0000000000001d06       0xb4 d:/altera/15.0/nios2eds/bin/gnu/h-x86_64-mingw32/bin/../lib/gcc/nios2-elf/4.9.1\libgcc.a(_clzsi2.o)
 .debug_line    0x0000000000001dba       0x53 d:/altera/15.0/nios2eds/bin/gnu/h-x86_64-mingw32/bin/../lib/gcc/nios2-elf/4.9.1\libgcc.a(_clz.o)
 .debug_line    0x0000000000001e0d      0x16f d:/altera/15.0/nios2eds/bin/gnu/h-x86_64-mingw32/bin/../lib/gcc/nios2-elf/4.9.1/../../../../../H-x86_64-mingw32/nios2-elf/lib\libsmallc.a(lib_a-errno.o)
 .debug_line    0x0000000000001f7c      0x155 d:/altera/15.0/nios2eds/bin/gnu/h-x86_64-mingw32/bin/../lib/gcc/nios2-elf/4.9.1/../../../../../H-x86_64-mingw32/nios2-elf/lib\libsmallc.a(lib_a-impure.o)
 .debug_line    0x00000000000020d1      0x1fa d:/altera/15.0/nios2eds/bin/gnu/h-x86_64-mingw32/bin/../lib/gcc/nios2-elf/4.9.1/../../../../../H-x86_64-mingw32/nios2-elf/lib\libsmallc.a(lib_a-printf.o)
 .debug_line    0x00000000000022cb      0x1fc d:/altera/15.0/nios2eds/bin/gnu/h-x86_64-mingw32/bin/../lib/gcc/nios2-elf/4.9.1/../../../../../H-x86_64-mingw32/nios2-elf/lib\libsmallc.a(lib_a-puts.o)
 .debug_line    0x00000000000024c7      0x15b d:/altera/15.0/nios2eds/bin/gnu/h-x86_64-mingw32/bin/../lib/gcc/nios2-elf/4.9.1/../../../../../H-x86_64-mingw32/nios2-elf/lib\libsmallc.a(lib_a-strlen.o)
 .debug_line    0x0000000000002622      0x34b d:/altera/15.0/nios2eds/bin/gnu/h-x86_64-mingw32/bin/../lib/gcc/nios2-elf/4.9.1/../../../../../H-x86_64-mingw32/nios2-elf/lib\libsmallc.a(lib_a-vfprintf.o)
 .debug_line    0x000000000000296d      0x1f2 d:/altera/15.0/nios2eds/bin/gnu/h-x86_64-mingw32/bin/../lib/gcc/nios2-elf/4.9.1/../../../../../H-x86_64-mingw32/nios2-elf/lib\libsmallc.a(lib_a-fvwrite_small_dev.o)
 .debug_line    0x0000000000002b5f      0x1ed d:/altera/15.0/nios2eds/bin/gnu/h-x86_64-mingw32/bin/../lib/gcc/nios2-elf/4.9.1/../../../../../H-x86_64-mingw32/nios2-elf/lib\libsmallc.a(lib_a-writer.o)
 .debug_line    0x0000000000002d4c       0x5d d:/altera/15.0/nios2eds/bin/gnu/h-x86_64-mingw32/bin/../lib/gcc/nios2-elf/4.9.1/../../../../../H-x86_64-mingw32/nios2-elf/lib\libsmallc.a(lib_a-int_errno.o)
 .debug_line    0x0000000000002da9      0x27a ../CNN_MNIST_bsp/\libhal_bsp.a(alt_load.o)
 .debug_line    0x0000000000003023      0x3f3 ../CNN_MNIST_bsp/\libhal_bsp.a(alt_main.o)
 .debug_line    0x0000000000003416      0x3b8 ../CNN_MNIST_bsp/\libhal_bsp.a(alt_write.o)
 .debug_line    0x00000000000037ce      0x3c0 ../CNN_MNIST_bsp/\libhal_bsp.a(alt_sys_init.o)
 .debug_line    0x0000000000003b8e      0x1ef ../CNN_MNIST_bsp/\libhal_bsp.a(altera_avalon_jtag_uart_fd.o)
 .debug_line    0x0000000000003d7d      0x4a7 ../CNN_MNIST_bsp/\libhal_bsp.a(altera_avalon_jtag_uart_read.o)
 .debug_line    0x0000000000004224      0x499 ../CNN_MNIST_bsp/\libhal_bsp.a(altera_avalon_jtag_uart_write.o)
 .debug_line    0x00000000000046bd      0x363 ../CNN_MNIST_bsp/\libhal_bsp.a(alt_close.o)
 .debug_line    0x0000000000004a20      0x27f ../CNN_MNIST_bsp/\libhal_bsp.a(alt_dcache_flush_all.o)
 .debug_line    0x0000000000004c9f      0x35c ../CNN_MNIST_bsp/\libhal_bsp.a(alt_dev.o)
 .debug_line    0x0000000000004ffb      0x2ad ../CNN_MNIST_bsp/\libhal_bsp.a(alt_dev_llist_insert.o)
 .debug_line    0x00000000000052a8      0x230 ../CNN_MNIST_bsp/\libhal_bsp.a(alt_errno.o)
 .debug_line    0x00000000000054d8      0x281 ../CNN_MNIST_bsp/\libhal_bsp.a(alt_icache_flush_all.o)
 .debug_line    0x0000000000005759      0x361 ../CNN_MNIST_bsp/\libhal_bsp.a(alt_io_redirect.o)
 .debug_line    0x0000000000005aba      0x34b ../CNN_MNIST_bsp/\libhal_bsp.a(alt_open.o)
 .debug_line    0x0000000000005e05      0x107 ../CNN_MNIST_bsp/\libhal_bsp.a(alt_release_fd.o)
 .debug_line    0x0000000000005f0c      0x28c ../CNN_MNIST_bsp/\libhal_bsp.a(altera_nios2_gen2_irq.o)
 .debug_line    0x0000000000006198      0x310 ../CNN_MNIST_bsp/\libhal_bsp.a(alt_find_dev.o)
 .debug_line    0x00000000000064a8      0x328 ../CNN_MNIST_bsp/\libhal_bsp.a(alt_find_file.o)
 .debug_line    0x00000000000067d0      0x316 ../CNN_MNIST_bsp/\libhal_bsp.a(alt_get_fd.o)
 .debug_line    0x0000000000006ae6      0x293 ../CNN_MNIST_bsp/\libhal_bsp.a(alt_icache_flush.o)
 .debug_line    0x0000000000006d79      0x157 d:/altera/15.0/nios2eds/bin/gnu/h-x86_64-mingw32/bin/../lib/gcc/nios2-elf/4.9.1/../../../../../H-x86_64-mingw32/nios2-elf/lib\libsmallc.a(lib_a-exit.o)
 .debug_line    0x0000000000006ed0      0x15f d:/altera/15.0/nios2eds/bin/gnu/h-x86_64-mingw32/bin/../lib/gcc/nios2-elf/4.9.1/../../../../../H-x86_64-mingw32/nios2-elf/lib\libsmallc.a(lib_a-memcmp.o)
 .debug_line    0x000000000000702f      0x24f d:/altera/15.0/nios2eds/bin/gnu/h-x86_64-mingw32/bin/../lib/gcc/nios2-elf/4.9.1/../../../../../H-x86_64-mingw32/nios2-elf/lib\libsmallc.a(lib_a-__call_atexit.o)
 .debug_line    0x000000000000727e      0x2c1 ../CNN_MNIST_bsp/\libhal_bsp.a(alt_exit.o)

.debug_frame    0x0000000000000000      0xd2c
 *(.debug_frame)
 .debug_frame   0x0000000000000000       0x7c obj/default/LCD1602_Qsys.o
 .debug_frame   0x000000000000007c      0x2f8 obj/default/hello_world.o
 .debug_frame   0x0000000000000374       0x44 d:/altera/15.0/nios2eds/bin/gnu/h-x86_64-mingw32/bin/../lib/gcc/nios2-elf/4.9.1/../../../../../H-x86_64-mingw32/nios2-elf/lib\libm.a(lib_a-w_exp.o)
 .debug_frame   0x00000000000003b8       0x54 d:/altera/15.0/nios2eds/bin/gnu/h-x86_64-mingw32/bin/../lib/gcc/nios2-elf/4.9.1/../../../../../H-x86_64-mingw32/nios2-elf/lib\libm.a(lib_a-e_exp.o)
 .debug_frame   0x000000000000040c       0x20 d:/altera/15.0/nios2eds/bin/gnu/h-x86_64-mingw32/bin/../lib/gcc/nios2-elf/4.9.1/../../../../../H-x86_64-mingw32/nios2-elf/lib\libm.a(lib_a-s_finite.o)
 .debug_frame   0x000000000000042c       0x20 d:/altera/15.0/nios2eds/bin/gnu/h-x86_64-mingw32/bin/../lib/gcc/nios2-elf/4.9.1/../../../../../H-x86_64-mingw32/nios2-elf/lib\libm.a(lib_a-s_matherr.o)
 .debug_frame   0x000000000000044c       0x8c d:/altera/15.0/nios2eds/bin/gnu/h-x86_64-mingw32/bin/../lib/gcc/nios2-elf/4.9.1\libgcc.a(lib2-divmod.o)
 .debug_frame   0x00000000000004d8       0x40 d:/altera/15.0/nios2eds/bin/gnu/h-x86_64-mingw32/bin/../lib/gcc/nios2-elf/4.9.1\libgcc.a(adddf3.o)
 .debug_frame   0x0000000000000518       0x58 d:/altera/15.0/nios2eds/bin/gnu/h-x86_64-mingw32/bin/../lib/gcc/nios2-elf/4.9.1\libgcc.a(divdf3.o)
 .debug_frame   0x0000000000000570       0x20 d:/altera/15.0/nios2eds/bin/gnu/h-x86_64-mingw32/bin/../lib/gcc/nios2-elf/4.9.1\libgcc.a(gedf2.o)
 .debug_frame   0x0000000000000590       0x20 d:/altera/15.0/nios2eds/bin/gnu/h-x86_64-mingw32/bin/../lib/gcc/nios2-elf/4.9.1\libgcc.a(ledf2.o)
 .debug_frame   0x00000000000005b0       0x58 d:/altera/15.0/nios2eds/bin/gnu/h-x86_64-mingw32/bin/../lib/gcc/nios2-elf/4.9.1\libgcc.a(muldf3.o)
 .debug_frame   0x0000000000000608       0x44 d:/altera/15.0/nios2eds/bin/gnu/h-x86_64-mingw32/bin/../lib/gcc/nios2-elf/4.9.1\libgcc.a(subdf3.o)
 .debug_frame   0x000000000000064c       0x20 d:/altera/15.0/nios2eds/bin/gnu/h-x86_64-mingw32/bin/../lib/gcc/nios2-elf/4.9.1\libgcc.a(fixdfsi.o)
 .debug_frame   0x000000000000066c       0x38 d:/altera/15.0/nios2eds/bin/gnu/h-x86_64-mingw32/bin/../lib/gcc/nios2-elf/4.9.1\libgcc.a(floatsidf.o)
 .debug_frame   0x00000000000006a4       0x20 d:/altera/15.0/nios2eds/bin/gnu/h-x86_64-mingw32/bin/../lib/gcc/nios2-elf/4.9.1\libgcc.a(_clzsi2.o)
 .debug_frame   0x00000000000006c4       0x20 d:/altera/15.0/nios2eds/bin/gnu/h-x86_64-mingw32/bin/../lib/gcc/nios2-elf/4.9.1/../../../../../H-x86_64-mingw32/nios2-elf/lib\libsmallc.a(lib_a-errno.o)
 .debug_frame   0x00000000000006e4       0x48 d:/altera/15.0/nios2eds/bin/gnu/h-x86_64-mingw32/bin/../lib/gcc/nios2-elf/4.9.1/../../../../../H-x86_64-mingw32/nios2-elf/lib\libsmallc.a(lib_a-printf.o)
 .debug_frame   0x000000000000072c       0x48 d:/altera/15.0/nios2eds/bin/gnu/h-x86_64-mingw32/bin/../lib/gcc/nios2-elf/4.9.1/../../../../../H-x86_64-mingw32/nios2-elf/lib\libsmallc.a(lib_a-puts.o)
 .debug_frame   0x0000000000000774       0x20 d:/altera/15.0/nios2eds/bin/gnu/h-x86_64-mingw32/bin/../lib/gcc/nios2-elf/4.9.1/../../../../../H-x86_64-mingw32/nios2-elf/lib\libsmallc.a(lib_a-strlen.o)
 .debug_frame   0x0000000000000794       0x8c d:/altera/15.0/nios2eds/bin/gnu/h-x86_64-mingw32/bin/../lib/gcc/nios2-elf/4.9.1/../../../../../H-x86_64-mingw32/nios2-elf/lib\libsmallc.a(lib_a-vfprintf.o)
 .debug_frame   0x0000000000000820       0x40 d:/altera/15.0/nios2eds/bin/gnu/h-x86_64-mingw32/bin/../lib/gcc/nios2-elf/4.9.1/../../../../../H-x86_64-mingw32/nios2-elf/lib\libsmallc.a(lib_a-fvwrite_small_dev.o)
 .debug_frame   0x0000000000000860       0x38 d:/altera/15.0/nios2eds/bin/gnu/h-x86_64-mingw32/bin/../lib/gcc/nios2-elf/4.9.1/../../../../../H-x86_64-mingw32/nios2-elf/lib\libsmallc.a(lib_a-writer.o)
 .debug_frame   0x0000000000000898       0x30 ../CNN_MNIST_bsp/\libhal_bsp.a(alt_load.o)
 .debug_frame   0x00000000000008c8       0x28 ../CNN_MNIST_bsp/\libhal_bsp.a(alt_main.o)
 .debug_frame   0x00000000000008f0       0x30 ../CNN_MNIST_bsp/\libhal_bsp.a(alt_write.o)
 .debug_frame   0x0000000000000920       0x48 ../CNN_MNIST_bsp/\libhal_bsp.a(alt_sys_init.o)
 .debug_frame   0x0000000000000968       0x48 ../CNN_MNIST_bsp/\libhal_bsp.a(altera_avalon_jtag_uart_fd.o)
 .debug_frame   0x00000000000009b0       0x20 ../CNN_MNIST_bsp/\libhal_bsp.a(altera_avalon_jtag_uart_read.o)
 .debug_frame   0x00000000000009d0       0x20 ../CNN_MNIST_bsp/\libhal_bsp.a(altera_avalon_jtag_uart_write.o)
 .debug_frame   0x00000000000009f0       0x34 ../CNN_MNIST_bsp/\libhal_bsp.a(alt_close.o)
 .debug_frame   0x0000000000000a24       0x20 ../CNN_MNIST_bsp/\libhal_bsp.a(alt_dcache_flush_all.o)
 .debug_frame   0x0000000000000a44       0x20 ../CNN_MNIST_bsp/\libhal_bsp.a(alt_dev.o)
 .debug_frame   0x0000000000000a64       0x40 ../CNN_MNIST_bsp/\libhal_bsp.a(alt_dev_llist_insert.o)
 .debug_frame   0x0000000000000aa4       0x2c ../CNN_MNIST_bsp/\libhal_bsp.a(alt_icache_flush_all.o)
 .debug_frame   0x0000000000000ad0       0x60 ../CNN_MNIST_bsp/\libhal_bsp.a(alt_io_redirect.o)
 .debug_frame   0x0000000000000b30       0x44 ../CNN_MNIST_bsp/\libhal_bsp.a(alt_open.o)
 .debug_frame   0x0000000000000b74       0x20 ../CNN_MNIST_bsp/\libhal_bsp.a(alt_release_fd.o)
 .debug_frame   0x0000000000000b94       0x20 ../CNN_MNIST_bsp/\libhal_bsp.a(altera_nios2_gen2_irq.o)
 .debug_frame   0x0000000000000bb4       0x3c ../CNN_MNIST_bsp/\libhal_bsp.a(alt_find_dev.o)
 .debug_frame   0x0000000000000bf0       0x40 ../CNN_MNIST_bsp/\libhal_bsp.a(alt_find_file.o)
 .debug_frame   0x0000000000000c30       0x20 ../CNN_MNIST_bsp/\libhal_bsp.a(alt_get_fd.o)
 .debug_frame   0x0000000000000c50       0x20 ../CNN_MNIST_bsp/\libhal_bsp.a(alt_icache_flush.o)
 .debug_frame   0x0000000000000c70       0x28 d:/altera/15.0/nios2eds/bin/gnu/h-x86_64-mingw32/bin/../lib/gcc/nios2-elf/4.9.1/../../../../../H-x86_64-mingw32/nios2-elf/lib\libsmallc.a(lib_a-exit.o)
 .debug_frame   0x0000000000000c98       0x20 d:/altera/15.0/nios2eds/bin/gnu/h-x86_64-mingw32/bin/../lib/gcc/nios2-elf/4.9.1/../../../../../H-x86_64-mingw32/nios2-elf/lib\libsmallc.a(lib_a-memcmp.o)
 .debug_frame   0x0000000000000cb8       0x54 d:/altera/15.0/nios2eds/bin/gnu/h-x86_64-mingw32/bin/../lib/gcc/nios2-elf/4.9.1/../../../../../H-x86_64-mingw32/nios2-elf/lib\libsmallc.a(lib_a-__call_atexit.o)
 .debug_frame   0x0000000000000d0c       0x20 ../CNN_MNIST_bsp/\libhal_bsp.a(alt_exit.o)

.debug_str      0x0000000000000000     0xc76f
 *(.debug_str)
 .debug_str     0x0000000000000000       0xa9 obj/default/LCD1602_Qsys.o
                                         0xc4 (size before relaxing)
 .debug_str     0x00000000000000a9      0x279 obj/default/hello_world.o
                                        0x392 (size before relaxing)
 .debug_str     0x0000000000000322      0x19c d:/altera/15.0/nios2eds/bin/gnu/h-x86_64-mingw32/bin/../lib/gcc/nios2-elf/4.9.1/../../../../../H-x86_64-mingw32/nios2-elf/lib\libm.a(lib_a-w_exp.o)
                                        0x251 (size before relaxing)
 .debug_str     0x00000000000004be       0x95 d:/altera/15.0/nios2eds/bin/gnu/h-x86_64-mingw32/bin/../lib/gcc/nios2-elf/4.9.1/../../../../../H-x86_64-mingw32/nios2-elf/lib\libm.a(lib_a-e_exp.o)
                                        0x21d (size before relaxing)
 .debug_str     0x0000000000000553       0xc1 d:/altera/15.0/nios2eds/bin/gnu/h-x86_64-mingw32/bin/../lib/gcc/nios2-elf/4.9.1/../../../../../H-x86_64-mingw32/nios2-elf/lib\libm.a(lib_a-s_finite.o)
                                        0x1b7 (size before relaxing)
 .debug_str     0x0000000000000614       0x3e d:/altera/15.0/nios2eds/bin/gnu/h-x86_64-mingw32/bin/../lib/gcc/nios2-elf/4.9.1/../../../../../H-x86_64-mingw32/nios2-elf/lib\libm.a(lib_a-s_lib_ver.o)
                                        0x1f7 (size before relaxing)
 .debug_str     0x0000000000000652       0x3e d:/altera/15.0/nios2eds/bin/gnu/h-x86_64-mingw32/bin/../lib/gcc/nios2-elf/4.9.1/../../../../../H-x86_64-mingw32/nios2-elf/lib\libm.a(lib_a-s_matherr.o)
                                        0x1c9 (size before relaxing)
 .debug_str     0x0000000000000690      0x16b d:/altera/15.0/nios2eds/bin/gnu/h-x86_64-mingw32/bin/../lib/gcc/nios2-elf/4.9.1\libgcc.a(lib2-divmod.o)
                                        0x1b6 (size before relaxing)
 .debug_str     0x00000000000007fb       0xd6 d:/altera/15.0/nios2eds/bin/gnu/h-x86_64-mingw32/bin/../lib/gcc/nios2-elf/4.9.1\libgcc.a(adddf3.o)
                                        0x248 (size before relaxing)
 .debug_str     0x00000000000008d1       0xd0 d:/altera/15.0/nios2eds/bin/gnu/h-x86_64-mingw32/bin/../lib/gcc/nios2-elf/4.9.1\libgcc.a(divdf3.o)
                                        0x289 (size before relaxing)
 .debug_str     0x00000000000009a1       0x4c d:/altera/15.0/nios2eds/bin/gnu/h-x86_64-mingw32/bin/../lib/gcc/nios2-elf/4.9.1\libgcc.a(gedf2.o)
                                        0x1fb (size before relaxing)
 .debug_str     0x00000000000009ed       0x34 d:/altera/15.0/nios2eds/bin/gnu/h-x86_64-mingw32/bin/../lib/gcc/nios2-elf/4.9.1\libgcc.a(ledf2.o)
                                        0x1fb (size before relaxing)
 .debug_str     0x0000000000000a21       0x8d d:/altera/15.0/nios2eds/bin/gnu/h-x86_64-mingw32/bin/../lib/gcc/nios2-elf/4.9.1\libgcc.a(muldf3.o)
                                        0x2a1 (size before relaxing)
 .debug_str     0x0000000000000aae       0x36 d:/altera/15.0/nios2eds/bin/gnu/h-x86_64-mingw32/bin/../lib/gcc/nios2-elf/4.9.1\libgcc.a(subdf3.o)
                                        0x248 (size before relaxing)
 .debug_str     0x0000000000000ae4       0x40 d:/altera/15.0/nios2eds/bin/gnu/h-x86_64-mingw32/bin/../lib/gcc/nios2-elf/4.9.1\libgcc.a(fixdfsi.o)
                                        0x1f4 (size before relaxing)
 .debug_str     0x0000000000000b24       0x49 d:/altera/15.0/nios2eds/bin/gnu/h-x86_64-mingw32/bin/../lib/gcc/nios2-elf/4.9.1\libgcc.a(floatsidf.o)
                                        0x1f8 (size before relaxing)
 .debug_str     0x0000000000000b6d       0x63 d:/altera/15.0/nios2eds/bin/gnu/h-x86_64-mingw32/bin/../lib/gcc/nios2-elf/4.9.1\libgcc.a(_clzsi2.o)
                                        0x1d8 (size before relaxing)
 .debug_str     0x0000000000000000      0x1bb d:/altera/15.0/nios2eds/bin/gnu/h-x86_64-mingw32/bin/../lib/gcc/nios2-elf/4.9.1\libgcc.a(_clz.o)
 .debug_str     0x0000000000000bd0      0x37a d:/altera/15.0/nios2eds/bin/gnu/h-x86_64-mingw32/bin/../lib/gcc/nios2-elf/4.9.1/../../../../../H-x86_64-mingw32/nios2-elf/lib\libsmallc.a(lib_a-errno.o)
                                        0x450 (size before relaxing)
 .debug_str     0x0000000000000f4a       0xcf d:/altera/15.0/nios2eds/bin/gnu/h-x86_64-mingw32/bin/../lib/gcc/nios2-elf/4.9.1/../../../../../H-x86_64-mingw32/nios2-elf/lib\libsmallc.a(lib_a-impure.o)
                                        0x468 (size before relaxing)
 .debug_str     0x0000000000001019      0x111 d:/altera/15.0/nios2eds/bin/gnu/h-x86_64-mingw32/bin/../lib/gcc/nios2-elf/4.9.1/../../../../../H-x86_64-mingw32/nios2-elf/lib\libsmallc.a(lib_a-printf.o)
                                        0x4b3 (size before relaxing)
 .debug_str     0x000000000000112a       0x61 d:/altera/15.0/nios2eds/bin/gnu/h-x86_64-mingw32/bin/../lib/gcc/nios2-elf/4.9.1/../../../../../H-x86_64-mingw32/nios2-elf/lib\libsmallc.a(lib_a-puts.o)
                                        0x477 (size before relaxing)
 .debug_str     0x000000000000118b       0xc5 d:/altera/15.0/nios2eds/bin/gnu/h-x86_64-mingw32/bin/../lib/gcc/nios2-elf/4.9.1/../../../../../H-x86_64-mingw32/nios2-elf/lib\libsmallc.a(lib_a-strlen.o)
                                        0x18f (size before relaxing)
 .debug_str     0x0000000000001250      0x1b3 d:/altera/15.0/nios2eds/bin/gnu/h-x86_64-mingw32/bin/../lib/gcc/nios2-elf/4.9.1/../../../../../H-x86_64-mingw32/nios2-elf/lib\libsmallc.a(lib_a-vfprintf.o)
                                        0x641 (size before relaxing)
 .debug_str     0x0000000000001403       0x6a d:/altera/15.0/nios2eds/bin/gnu/h-x86_64-mingw32/bin/../lib/gcc/nios2-elf/4.9.1/../../../../../H-x86_64-mingw32/nios2-elf/lib\libsmallc.a(lib_a-fvwrite_small_dev.o)
                                        0x48e (size before relaxing)
 .debug_str     0x000000000000146d       0x3a d:/altera/15.0/nios2eds/bin/gnu/h-x86_64-mingw32/bin/../lib/gcc/nios2-elf/4.9.1/../../../../../H-x86_64-mingw32/nios2-elf/lib\libsmallc.a(lib_a-writer.o)
                                        0x462 (size before relaxing)
 .debug_str     0x00000000000014a7       0x3d d:/altera/15.0/nios2eds/bin/gnu/h-x86_64-mingw32/bin/../lib/gcc/nios2-elf/4.9.1/../../../../../H-x86_64-mingw32/nios2-elf/lib\libsmallc.a(lib_a-int_errno.o)
                                        0x182 (size before relaxing)
 .debug_str     0x00000000000014e4     0x35b6 ../CNN_MNIST_bsp/\libhal_bsp.a(alt_load.o)
                                       0x36c6 (size before relaxing)
 .debug_str     0x0000000000004a9a     0x5c35 ../CNN_MNIST_bsp/\libhal_bsp.a(alt_main.o)
                                       0x9115 (size before relaxing)
 .debug_str     0x000000000000a6cf      0x6fc ../CNN_MNIST_bsp/\libhal_bsp.a(alt_write.o)
                                       0x77ff (size before relaxing)
 .debug_str     0x000000000000adcb      0x6bc ../CNN_MNIST_bsp/\libhal_bsp.a(alt_sys_init.o)
                                       0x74a1 (size before relaxing)
 .debug_str     0x000000000000b487       0xb2 ../CNN_MNIST_bsp/\libhal_bsp.a(altera_avalon_jtag_uart_fd.o)
                                       0x400f (size before relaxing)
 .debug_str     0x000000000000b539      0xcf1 ../CNN_MNIST_bsp/\libhal_bsp.a(altera_avalon_jtag_uart_read.o)
                                       0x8d06 (size before relaxing)
 .debug_str     0x000000000000c22a       0x2c ../CNN_MNIST_bsp/\libhal_bsp.a(altera_avalon_jtag_uart_write.o)
                                       0x8cfc (size before relaxing)
 .debug_str     0x000000000000c256       0x2a ../CNN_MNIST_bsp/\libhal_bsp.a(alt_close.o)
                                       0x6d72 (size before relaxing)
 .debug_str     0x000000000000c280       0x1f ../CNN_MNIST_bsp/\libhal_bsp.a(alt_dcache_flush_all.o)
                                       0x650c (size before relaxing)
 .debug_str     0x000000000000c29f       0x50 ../CNN_MNIST_bsp/\libhal_bsp.a(alt_dev.o)
                                       0x787d (size before relaxing)
 .debug_str     0x000000000000c2ef       0x36 ../CNN_MNIST_bsp/\libhal_bsp.a(alt_dev_llist_insert.o)
                                       0x392c (size before relaxing)
 .debug_str     0x000000000000c325       0x14 ../CNN_MNIST_bsp/\libhal_bsp.a(alt_errno.o)
                                       0x3834 (size before relaxing)
 .debug_str     0x000000000000c339       0x30 ../CNN_MNIST_bsp/\libhal_bsp.a(alt_icache_flush_all.o)
                                       0x6525 (size before relaxing)
 .debug_str     0x000000000000c369       0x46 ../CNN_MNIST_bsp/\libhal_bsp.a(alt_io_redirect.o)
                                       0x7436 (size before relaxing)
 .debug_str     0x000000000000c3af       0x55 ../CNN_MNIST_bsp/\libhal_bsp.a(alt_open.o)
                                       0x59ce (size before relaxing)
 .debug_str     0x000000000000c404       0x19 ../CNN_MNIST_bsp/\libhal_bsp.a(alt_release_fd.o)
                                       0x35d1 (size before relaxing)
 .debug_str     0x000000000000c41d       0x20 ../CNN_MNIST_bsp/\libhal_bsp.a(altera_nios2_gen2_irq.o)
                                       0x677b (size before relaxing)
 .debug_str     0x000000000000c43d       0x1e ../CNN_MNIST_bsp/\libhal_bsp.a(alt_find_dev.o)
                                       0x5cd9 (size before relaxing)
 .debug_str     0x000000000000c45b       0x18 ../CNN_MNIST_bsp/\libhal_bsp.a(alt_find_file.o)